*** Using Compiler 'V6.21', folder: 'C:\Keil_v5\ARM\ARMCLANG\Bin'
Rebuild target 'NUSOC'
compiling dma.c...
compiling rtc.c...
compiling pid.c...
compiling can.c...
compiling tim.c...
compiling main.c...
compiling spi.c...
compiling usart.c...
compiling rng.c...
compiling gpio.c...
compiling bsp_can.c...
compiling stm32f4xx_it.c...
compiling stm32f4xx_hal_msp.c...
compiling stm32f4xx_hal_can.c...
compiling stm32f4xx_hal_rcc.c...
compiling stm32f4xx_hal_rcc_ex.c...
compiling stm32f4xx_hal_flash.c...
compiling stm32f4xx_hal_flash_ramfunc.c...
compiling stm32f4xx_hal_flash_ex.c...
compiling stm32f4xx_hal_gpio.c...
compiling stm32f4xx_hal_pwr.c...
compiling stm32f4xx_hal_dma_ex.c...
compiling stm32f4xx_hal_pwr_ex.c...
compiling stm32f4xx_hal_dma.c...
compiling stm32f4xx_hal_cortex.c...
compiling stm32f4xx_hal.c...
compiling stm32f4xx_hal_exti.c...
compiling stm32f4xx_hal_rng.c...
compiling stm32f4xx_hal_rtc.c...
compiling system_stm32f4xx.c...
compiling stm32f4xx_hal_rtc_ex.c...
assembling startup_stm32f427xx.s...
compiling stm32f4xx_hal_tim_ex.c...
compiling stm32f4xx_hal_spi.c...
compiling stm32f4xx_hal_uart.c...
compiling stm32f4xx_hal_tim.c...
linking...
Program Size: Code=34430 RO-data=526 RW-data=28 ZI-data=4212  
FromELF: creating hex file...
"NUSOC\NUSOC.axf" - 0 Error(s), 0 Warning(s).
Build Time Elapsed:  00:00:07
