Component: Arm Compiler for Embedded 6.21 Tool: armlink [5ec1fa00]

==============================================================================

Section Cross References

    startup_stm32f427xx.o(RESET) refers to startup_stm32f427xx.o(STACK) for __initial_sp
    startup_stm32f427xx.o(RESET) refers to startup_stm32f427xx.o(.text) for Reset_Handler
    startup_stm32f427xx.o(RESET) refers to stm32f4xx_it.o(.text.NMI_Handler) for NMI_Handler
    startup_stm32f427xx.o(RESET) refers to stm32f4xx_it.o(.text.HardFault_Handler) for HardFault_Handler
    startup_stm32f427xx.o(RESET) refers to stm32f4xx_it.o(.text.MemManage_Handler) for MemManage_Handler
    startup_stm32f427xx.o(RESET) refers to stm32f4xx_it.o(.text.BusFault_Handler) for BusFault_Handler
    startup_stm32f427xx.o(RESET) refers to stm32f4xx_it.o(.text.UsageFault_Handler) for UsageFault_Handler
    startup_stm32f427xx.o(RESET) refers to stm32f4xx_it.o(.text.SVC_Handler) for SVC_Handler
    startup_stm32f427xx.o(RESET) refers to stm32f4xx_it.o(.text.DebugMon_Handler) for DebugMon_Handler
    startup_stm32f427xx.o(RESET) refers to stm32f4xx_it.o(.text.PendSV_Handler) for PendSV_Handler
    startup_stm32f427xx.o(RESET) refers to stm32f4xx_it.o(.text.SysTick_Handler) for SysTick_Handler
    startup_stm32f427xx.o(RESET) refers to stm32f4xx_it.o(.text.DMA1_Stream0_IRQHandler) for DMA1_Stream0_IRQHandler
    startup_stm32f427xx.o(RESET) refers to stm32f4xx_it.o(.text.DMA1_Stream1_IRQHandler) for DMA1_Stream1_IRQHandler
    startup_stm32f427xx.o(RESET) refers to stm32f4xx_it.o(.text.DMA1_Stream2_IRQHandler) for DMA1_Stream2_IRQHandler
    startup_stm32f427xx.o(RESET) refers to stm32f4xx_it.o(.text.DMA1_Stream3_IRQHandler) for DMA1_Stream3_IRQHandler
    startup_stm32f427xx.o(RESET) refers to stm32f4xx_it.o(.text.DMA1_Stream4_IRQHandler) for DMA1_Stream4_IRQHandler
    startup_stm32f427xx.o(RESET) refers to stm32f4xx_it.o(.text.DMA1_Stream5_IRQHandler) for DMA1_Stream5_IRQHandler
    startup_stm32f427xx.o(RESET) refers to stm32f4xx_it.o(.text.CAN1_RX0_IRQHandler) for CAN1_RX0_IRQHandler
    startup_stm32f427xx.o(RESET) refers to stm32f4xx_it.o(.text.CAN1_RX1_IRQHandler) for CAN1_RX1_IRQHandler
    startup_stm32f427xx.o(RESET) refers to stm32f4xx_it.o(.text.TIM1_BRK_TIM9_IRQHandler) for TIM1_BRK_TIM9_IRQHandler
    startup_stm32f427xx.o(RESET) refers to stm32f4xx_it.o(.text.TIM1_UP_TIM10_IRQHandler) for TIM1_UP_TIM10_IRQHandler
    startup_stm32f427xx.o(RESET) refers to stm32f4xx_it.o(.text.TIM1_TRG_COM_TIM11_IRQHandler) for TIM1_TRG_COM_TIM11_IRQHandler
    startup_stm32f427xx.o(RESET) refers to stm32f4xx_it.o(.text.TIM2_IRQHandler) for TIM2_IRQHandler
    startup_stm32f427xx.o(RESET) refers to stm32f4xx_it.o(.text.SPI1_IRQHandler) for SPI1_IRQHandler
    startup_stm32f427xx.o(RESET) refers to stm32f4xx_it.o(.text.SPI2_IRQHandler) for SPI2_IRQHandler
    startup_stm32f427xx.o(RESET) refers to stm32f4xx_it.o(.text.USART1_IRQHandler) for USART1_IRQHandler
    startup_stm32f427xx.o(RESET) refers to stm32f4xx_it.o(.text.USART2_IRQHandler) for USART2_IRQHandler
    startup_stm32f427xx.o(RESET) refers to stm32f4xx_it.o(.text.USART3_IRQHandler) for USART3_IRQHandler
    startup_stm32f427xx.o(RESET) refers to stm32f4xx_it.o(.text.RTC_Alarm_IRQHandler) for RTC_Alarm_IRQHandler
    startup_stm32f427xx.o(RESET) refers to stm32f4xx_it.o(.text.TIM8_BRK_TIM12_IRQHandler) for TIM8_BRK_TIM12_IRQHandler
    startup_stm32f427xx.o(RESET) refers to stm32f4xx_it.o(.text.TIM5_IRQHandler) for TIM5_IRQHandler
    startup_stm32f427xx.o(RESET) refers to stm32f4xx_it.o(.text.UART4_IRQHandler) for UART4_IRQHandler
    startup_stm32f427xx.o(RESET) refers to stm32f4xx_it.o(.text.UART5_IRQHandler) for UART5_IRQHandler
    startup_stm32f427xx.o(RESET) refers to stm32f4xx_it.o(.text.TIM6_DAC_IRQHandler) for TIM6_DAC_IRQHandler
    startup_stm32f427xx.o(RESET) refers to stm32f4xx_it.o(.text.DMA2_Stream2_IRQHandler) for DMA2_Stream2_IRQHandler
    startup_stm32f427xx.o(RESET) refers to stm32f4xx_it.o(.text.CAN2_TX_IRQHandler) for CAN2_TX_IRQHandler
    startup_stm32f427xx.o(RESET) refers to stm32f4xx_it.o(.text.CAN2_RX0_IRQHandler) for CAN2_RX0_IRQHandler
    startup_stm32f427xx.o(RESET) refers to stm32f4xx_it.o(.text.HASH_RNG_IRQHandler) for HASH_RNG_IRQHandler
    startup_stm32f427xx.o(RESET) refers to stm32f4xx_it.o(.text.UART7_IRQHandler) for UART7_IRQHandler
    startup_stm32f427xx.o(RESET) refers to stm32f4xx_it.o(.text.UART8_IRQHandler) for UART8_IRQHandler
    startup_stm32f427xx.o(.text) refers to system_stm32f4xx.o(.text.SystemInit) for SystemInit
    startup_stm32f427xx.o(.text) refers to entry.o(.ARM.Collect$$$$00000000) for __main
    bsp_can.o(.text.can_user_init) refers to stm32f4xx_hal_can.o(.text.HAL_CAN_ConfigFilter) for HAL_CAN_ConfigFilter
    bsp_can.o(.text.can_user_init) refers to stm32f4xx_hal_can.o(.text.HAL_CAN_Start) for HAL_CAN_Start
[...]
    .Lswitch.table.HAL_TIM_IC_Stop_IT        0x08008854   Data          16  stm32f4xx_hal_tim.o(.rodata.cst16)
    DMA_CalcBaseAndBitshift.flagBitshiftOffset 0x08008864   Data           8  stm32f4xx_hal_dma.o(.rodata.cst8)
    [Anonymous Symbol]                       0x08008864   Section        0  stm32f4xx_hal_dma.o(.rodata.cst8)
    HAL_RCC_CAN1_CLK_ENABLED                 0x20000068   Data           4  can.o(.bss.HAL_RCC_CAN1_CLK_ENABLED)
    [Anonymous Symbol]                       0x20000068   Section        0  can.o(.bss.HAL_RCC_CAN1_CLK_ENABLED)
    IMUReceiveBuffer                         0x20000070   Data         200  main.o(.bss.IMUReceiveBuffer)
    [Anonymous Symbol]                       0x20000070   Section        0  main.o(.bss.IMUReceiveBuffer)
    LaserReceiveBuffer1                      0x20000144   Data          20  main.o(.bss.LaserReceiveBuffer1)
    [Anonymous Symbol]                       0x20000144   Section        0  main.o(.bss.LaserReceiveBuffer1)
    LaserReceiveBuffer2                      0x20000158   Data          20  main.o(.bss.LaserReceiveBuffer2)
    [Anonymous Symbol]                       0x20000158   Section        0  main.o(.bss.LaserReceiveBuffer2)
    LaserReceiveBuffer3                      0x2000016c   Data          20  main.o(.bss.LaserReceiveBuffer3)
    [Anonymous Symbol]                       0x2000016c   Section        0  main.o(.bss.LaserReceiveBuffer3)
    LaserReceiveBuffer4                      0x20000180   Data          20  main.o(.bss.LaserReceiveBuffer4)
    [Anonymous Symbol]                       0x20000180   Section        0  main.o(.bss.LaserReceiveBuffer4)
    RKReceiveBuffer                          0x20000248   Data          10  main.o(.bss.RKReceiveBuffer)
    [Anonymous Symbol]                       0x20000248   Section        0  main.o(.bss.RKReceiveBuffer)
    STACK                                    0x20000c90   Section     1024  startup_stm32f427xx.o(STACK)

    Global Symbols

    Symbol Name                              Value     Ov Type        Size  Object(Section)

    BuildAttributes$$THM_ISAv4$E$P$D$K$B$S$7EM$VFPi3$EXTD16$VFPS$VFMA$PE$A:L22UL41UL21$X:L11$S22US41US21$IEEE1$IW$~IW$USESV6$~STKCKD$USESV7$~SHL$OTIME$ROPI$EBA8$MICROLIB$REQ8$PRES8$EABIv2 0x00000000   Number         0  anon$$obj.o ABSOLUTE
    __cpp_initialize__aeabi_                  - Undefined Weak Reference
    __cxa_finalize                            - Undefined Weak Reference
    __decompress                              - Undefined Weak Reference
    _clock_init                               - Undefined Weak Reference
    _microlib_exit                            - Undefined Weak Reference
    __Vectors_Size                           0x000001ac   Number         0  startup_stm32f427xx.o ABSOLUTE
    __Vectors                                0x08000000   Data           4  startup_stm32f427xx.o(RESET)
    __Vectors_End                            0x080001ac   Data           0  startup_stm32f427xx.o(RESET)
    __main                                   0x080001ad   Thumb Code     0  entry.o(.ARM.Collect$$$$00000000)
    _main_stk                                0x080001ad   Thumb Code     0  entry2.o(.ARM.Collect$$$$00000001)
    _main_scatterload                        0x080001b1   Thumb Code     0  entry5.o(.ARM.Collect$$$$00000004)
    __main_after_scatterload                 0x080001b5   Thumb Code     0  entry5.o(.ARM.Collect$$$$00000004)
    _main_clock                              0x080001b5   Thumb Code     0  entry7b.o(.ARM.Collect$$$$00000008)
    _main_cpp_init                           0x080001b5   Thumb Code     0  entry8b.o(.ARM.Collect$$$$0000000A)
    _main_init                               0x080001b5   Thumb Code     0  entry9a.o(.ARM.Collect$$$$0000000B)
    __rt_final_cpp                           0x080001bd   Thumb Code     0  entry10a.o(.ARM.Collect$$$$0000000D)
    __rt_final_exit                          0x080001bd   Thumb Code     0  entry11a.o(.ARM.Collect$$$$0000000F)
    Reset_Handler                            0x080001c1   Thumb Code     8  startup_stm32f427xx.o(.text)
    ADC_IRQHandler                           0x080001db   Thumb Code     0  startup_stm32f427xx.o(.text)
    CAN1_SCE_IRQHandler                      0x080001db   Thumb Code     0  startup_stm32f427xx.o(.text)
    CAN1_TX_IRQHandler                       0x080001db   Thumb Code     0  startup_stm32f427xx.o(.text)
    CAN2_RX1_IRQHandler                      0x080001db   Thumb Code     0  startup_stm32f427xx.o(.text)
    CAN2_SCE_IRQHandler                      0x080001db   Thumb Code     0  startup_stm32f427xx.o(.text)
    DCMI_IRQHandler                          0x080001db   Thumb Code     0  startup_stm32f427xx.o(.text)
    DMA1_Stream6_IRQHandler                  0x080001db   Thumb Code     0  startup_stm32f427xx.o(.text)
    DMA1_Stream7_IRQHandler                  0x080001db   Thumb Code     0  startup_stm32f427xx.o(.text)
    DMA2D_IRQHandler                         0x080001db   Thumb Code     0  startup_stm32f427xx.o(.text)
    DMA2_Stream0_IRQHandler                  0x080001db   Thumb Code     0  startup_stm32f427xx.o(.text)
    DMA2_Stream1_IRQHandler                  0x080001db   Thumb Code     0  startup_stm32f427xx.o(.text)
    DMA2_Stream3_IRQHandler                  0x080001db   Thumb Code     0  startup_stm32f427xx.o(.text)
    DMA2_Stream4_IRQHandler                  0x080001db   Thumb Code     0  startup_stm32f427xx.o(.text)
    DMA2_Stream5_IRQHandler                  0x080001db   Thumb Code     0  startup_stm32f427xx.o(.text)
    DMA2_Stream6_IRQHandler                  0x080001db   Thumb Code     0  startup_stm32f427xx.o(.text)
    DMA2_Stream7_IRQHandler                  0x080001db   Thumb Code     0  startup_stm32f427xx.o(.text)
    ETH_IRQHandler                           0x080001db   Thumb Code     0  startup_stm32f427xx.o(.text)
    ETH_WKUP_IRQHandler                      0x080001db   Thumb Code     0  startup_stm32f427xx.o(.text)
    EXTI0_IRQHandler                         0x080001db   Thumb Code     0  startup_stm32f427xx.o(.text)
    EXTI15_10_IRQHandler                     0x080001db   Thumb Code     0  startup_stm32f427xx.o(.text)
    EXTI1_IRQHandler                         0x080001db   Thumb Code     0  startup_stm32f427xx.o(.text)
    EXTI2_IRQHandler                         0x080001db   Thumb Code     0  startup_stm32f427xx.o(.text)
    EXTI3_IRQHandler                         0x080001db   Thumb Code     0  startup_stm32f427xx.o(.text)
    EXTI4_IRQHandler                         0x080001db   Thumb Code     0  startup_stm32f427xx.o(.text)
    EXTI9_5_IRQHandler                       0x080001db   Thumb Code     0  startup_stm32f427xx.o(.text)
    FLASH_IRQHandler                         0x080001db   Thumb Code     0  startup_stm32f427xx.o(.text)
    FMC_IRQHandler                           0x080001db   Thumb Code     0  startup_stm32f427xx.o(.text)
    FPU_IRQHandler                           0x080001db   Thumb Code     0  startup_stm32f427xx.o(.text)
    I2C1_ER_IRQHandler                       0x080001db   Thumb Code     0  startup_stm32f427xx.o(.text)
    I2C1_EV_IRQHandler                       0x080001db   Thumb Code     0  startup_stm32f427xx.o(.text)
    I2C2_ER_IRQHandler                       0x080001db   Thumb Code     0  startup_stm32f427xx.o(.text)
    I2C2_EV_IRQHandler                       0x080001db   Thumb Code     0  startup_stm32f427xx.o(.text)
    I2C3_ER_IRQHandler                       0x080001db   Thumb Code     0  startup_stm32f427xx.o(.text)
    I2C3_EV_IRQHandler                       0x080001db   Thumb Code     0  startup_stm32f427xx.o(.text)
    OTG_FS_IRQHandler                        0x080001db   Thumb Code     0  startup_stm32f427xx.o(.text)
    OTG_FS_WKUP_IRQHandler                   0x080001db   Thumb Code     0  startup_stm32f427xx.o(.text)
    OTG_HS_EP1_IN_IRQHandler                 0x080001db   Thumb Code     0  startup_stm32f427xx.o(.text)
    OTG_HS_EP1_OUT_IRQHandler                0x080001db   Thumb Code     0  startup_stm32f427xx.o(.text)
    OTG_HS_IRQHandler                        0x080001db   Thumb Code     0  startup_stm32f427xx.o(.text)
    OTG_HS_WKUP_IRQHandler                   0x080001db   Thumb Code     0  startup_stm32f427xx.o(.text)
    PVD_IRQHandler                           0x080001db   Thumb Code     0  startup_stm32f427xx.o(.text)
    RCC_IRQHandler                           0x080001db   Thumb Code     0  startup_stm32f427xx.o(.text)
    RTC_WKUP_IRQHandler                      0x080001db   Thumb Code     0  startup_stm32f427xx.o(.text)
    SAI1_IRQHandler                          0x080001db   Thumb Code     0  startup_stm32f427xx.o(.text)
    SDIO_IRQHandler                          0x080001db   Thumb Code     0  startup_stm32f427xx.o(.text)
    SPI3_IRQHandler                          0x080001db   Thumb Code     0  startup_stm32f427xx.o(.text)
    SPI4_IRQHandler                          0x080001db   Thumb Code     0  startup_stm32f427xx.o(.text)
    SPI5_IRQHandler                          0x080001db   Thumb Code     0  startup_stm32f427xx.o(.text)
    SPI6_IRQHandler                          0x080001db   Thumb Code     0  startup_stm32f427xx.o(.text)
    TAMP_STAMP_IRQHandler                    0x080001db   Thumb Code     0  startup_stm32f427xx.o(.text)
    TIM1_CC_IRQHandler                       0x080001db   Thumb Code     0  startup_stm32f427xx.o(.text)
    TIM3_IRQHandler                          0x080001db   Thumb Code     0  startup_stm32f427xx.o(.text)
    TIM4_IRQHandler                          0x080001db   Thumb Code     0  startup_stm32f427xx.o(.text)
    TIM7_IRQHandler                          0x080001db   Thumb Code     0  startup_stm32f427xx.o(.text)
    TIM8_CC_IRQHandler                       0x080001db   Thumb Code     0  startup_stm32f427xx.o(.text)
    TIM8_TRG_COM_TIM14_IRQHandler            0x080001db   Thumb Code     0  startup_stm32f427xx.o(.text)
    TIM8_UP_TIM13_IRQHandler                 0x080001db   Thumb Code     0  startup_stm32f427xx.o(.text)
    USART6_IRQHandler                        0x080001db   Thumb Code     0  startup_stm32f427xx.o(.text)
    WWDG_IRQHandler                          0x080001db   Thumb Code     0  startup_stm32f427xx.o(.text)
    __aeabi_uldivmod                         0x080001e5   Thumb Code    98  uldiv.o(.text)
    __aeabi_memset                           0x08000247   Thumb Code    14  memseta.o(.text)
    __aeabi_memset4                          0x08000247   Thumb Code     0  memseta.o(.text)
    __aeabi_memset8                          0x08000247   Thumb Code     0  memseta.o(.text)
    __aeabi_memclr                           0x08000255   Thumb Code     4  memseta.o(.text)
    __aeabi_memclr4                          0x08000255   Thumb Code     0  memseta.o(.text)
    __aeabi_memclr8                          0x08000255   Thumb Code     0  memseta.o(.text)
    _memset$wrapper                          0x08000259   Thumb Code    18  memseta.o(.text)
    __aeabi_dadd                             0x0800026b   Thumb Code   322  dadd.o(.text)
    __aeabi_dsub                             0x080003ad   Thumb Code     6  dadd.o(.text)
    __aeabi_drsub                            0x080003b3   Thumb Code     6  dadd.o(.text)
    __aeabi_dmul                             0x080003b9   Thumb Code   228  dmul.o(.text)
    __aeabi_ddiv                             0x0800049d   Thumb Code   222  ddiv.o(.text)
    __aeabi_dcmple                           0x0800057b   Thumb Code    54  dcmple.o(.text)
    __aeabi_dcmplt                           0x080005b1   Thumb Code    54  dcmplt.o(.text)
    __aeabi_dcmpge                           0x080005e7   Thumb Code    54  dcmpge.o(.text)
    __aeabi_dcmpgt                           0x0800061d   Thumb Code    54  dcmpgt.o(.text)
    __aeabi_i2d                              0x08000653   Thumb Code    34  dflti.o(.text)
    __aeabi_ui2d                             0x08000675   Thumb Code    26  dfltui.o(.text)
    __aeabi_d2iz                             0x0800068f   Thumb Code    62  dfixi.o(.text)
    __aeabi_f2d                              0x080006cd   Thumb Code    38  f2d.o(.text)
    __aeabi_d2f                              0x080006f3   Thumb Code    56  d2f.o(.text)
    __aeabi_llsl                             0x0800072b   Thumb Code    30  llshl.o(.text)
    _ll_shift_l                              0x0800072b   Thumb Code     0  llshl.o(.text)
    __aeabi_llsr                             0x08000749   Thumb Code    32  llushr.o(.text)
    _ll_ushift_r                             0x08000749   Thumb Code     0  llushr.o(.text)
    __aeabi_lasr                             0x08000769   Thumb Code    36  llsshr.o(.text)
    _ll_sshift_r                             0x08000769   Thumb Code     0  llsshr.o(.text)
    __I$use$fp                               0x0800078d   Thumb Code     0  iusefp.o(.text)
    _float_round                             0x0800078d   Thumb Code    18  fepilogue.o(.text)
    _float_epilogue                          0x0800079f   Thumb Code    92  fepilogue.o(.text)
    _double_round                            0x080007fb   Thumb Code    30  depilogue.o(.text)
    _double_epilogue                         0x08000819   Thumb Code   156  depilogue.o(.text)
    __scatterload                            0x080008b5   Thumb Code    38  init.o(.text)
    __scatterload_rt2                        0x080008b5   Thumb Code     0  init.o(.text)
    BusFault_Handler                         0x080008e5   Thumb Code     2  stm32f4xx_it.o(.text.BusFault_Handler)
    CAN1_RX0_IRQHandler                      0x080008e9   Thumb Code    12  stm32f4xx_it.o(.text.CAN1_RX0_IRQHandler)
    CAN1_RX1_IRQHandler                      0x080008f5   Thumb Code    12  stm32f4xx_it.o(.text.CAN1_RX1_IRQHandler)
    CAN2_RX0_IRQHandler                      0x08000901   Thumb Code    12  stm32f4xx_it.o(.text.CAN2_RX0_IRQHandler)
    CAN2_TX_IRQHandler                       0x0800090d   Thumb Code    12  stm32f4xx_it.o(.text.CAN2_TX_IRQHandler)
    DMA1_Stream0_IRQHandler                  0x08000919   Thumb Code    12  stm32f4xx_it.o(.text.DMA1_Stream0_IRQHandler)
    DMA1_Stream1_IRQHandler                  0x08000925   Thumb Code    12  stm32f4xx_it.o(.text.DMA1_Stream1_IRQHandler)
    DMA1_Stream2_IRQHandler                  0x08000931   Thumb Code    12  stm32f4xx_it.o(.text.DMA1_Stream2_IRQHandler)
    DMA1_Stream3_IRQHandler                  0x0800093d   Thumb Code    12  stm32f4xx_it.o(.text.DMA1_Stream3_IRQHandler)
    DMA1_Stream4_IRQHandler                  0x08000949   Thumb Code    12  stm32f4xx_it.o(.text.DMA1_Stream4_IRQHandler)
    DMA1_Stream5_IRQHandler                  0x08000955   Thumb Code    12  stm32f4xx_it.o(.text.DMA1_Stream5_IRQHandler)
    DMA2_Stream2_IRQHandler                  0x08000961   Thumb Code    12  stm32f4xx_it.o(.text.DMA2_Stream2_IRQHandler)
    DebugMon_Handler                         0x0800096d   Thumb Code     2  stm32f4xx_it.o(.text.DebugMon_Handler)
    Error_Handler                            0x08000971   Thumb Code     6  main.o(.text.Error_Handler)
    HAL_CAN_ActivateNotification             0x08000979   Thumb Code    38  stm32f4xx_hal_can.o(.text.HAL_CAN_ActivateNotification)
    HAL_CAN_AddTxMessage                     0x080009a1   Thumb Code   150  stm32f4xx_hal_can.o(.text.HAL_CAN_AddTxMessage)
    HAL_CAN_ConfigFilter                     0x08000a39   Thumb Code   222  stm32f4xx_hal_can.o(.text.HAL_CAN_ConfigFilter)
    HAL_CAN_ErrorCallback                    0x08000b19   Thumb Code     2  stm32f4xx_hal_can.o(.text.HAL_CAN_ErrorCallback)
    HAL_CAN_GetRxMessage                     0x08000b1d   Thumb Code   282  stm32f4xx_hal_can.o(.text.HAL_CAN_GetRxMessage)
    HAL_CAN_IRQHandler                       0x08000c39   Thumb Code   578  stm32f4xx_hal_can.o(.text.HAL_CAN_IRQHandler)
    HAL_CAN_Init                             0x08000e7d   Thumb Code   244  stm32f4xx_hal_can.o(.text.HAL_CAN_Init)
    HAL_CAN_MspInit                          0x08000f71   Thumb Code   342  can.o(.text.HAL_CAN_MspInit)
    HAL_CAN_RxFifo0FullCallback              0x080010c9   Thumb Code     2  stm32f4xx_hal_can.o(.text.HAL_CAN_RxFifo0FullCallback)
    HAL_CAN_RxFifo0MsgPendingCallback        0x080010d1   Thumb Code   528  bsp_can.o(.text.HAL_CAN_RxFifo0MsgPendingCallback)
    HAL_CAN_RxFifo1FullCallback              0x080012f1   Thumb Code     2  stm32f4xx_hal_can.o(.text.HAL_CAN_RxFifo1FullCallback)
    HAL_CAN_RxFifo1MsgPendingCallback        0x080012f5   Thumb Code     2  stm32f4xx_hal_can.o(.text.HAL_CAN_RxFifo1MsgPendingCallback)
    HAL_CAN_SleepCallback                    0x080012f9   Thumb Code     2  stm32f4xx_hal_can.o(.text.HAL_CAN_SleepCallback)
    HAL_CAN_Start                            0x080012fd   Thumb Code    90  stm32f4xx_hal_can.o(.text.HAL_CAN_Start)
    HAL_CAN_TxMailbox0AbortCallback          0x08001359   Thumb Code     2  stm32f4xx_hal_can.o(.text.HAL_CAN_TxMailbox0AbortCallback)
    HAL_CAN_TxMailbox0CompleteCallback       0x0800135d   Thumb Code     2  stm32f4xx_hal_can.o(.text.HAL_CAN_TxMailbox0CompleteCallback)
    HAL_CAN_TxMailbox1AbortCallback          0x08001361   Thumb Code     2  stm32f4xx_hal_can.o(.text.HAL_CAN_TxMailbox1AbortCallback)
    HAL_CAN_TxMailbox1CompleteCallback       0x08001365   Thumb Code     2  stm32f4xx_hal_can.o(.text.HAL_CAN_TxMailbox1CompleteCallback)
    HAL_CAN_TxMailbox2AbortCallback          0x08001369   Thumb Code     2  stm32f4xx_hal_can.o(.text.HAL_CAN_TxMailbox2AbortCallback)
    HAL_CAN_TxMailbox2CompleteCallback       0x0800136d   Thumb Code     2  stm32f4xx_hal_can.o(.text.HAL_CAN_TxMailbox2CompleteCallback)
    HAL_CAN_WakeUpFromRxMsgCallback          0x08001371   Thumb Code     2  stm32f4xx_hal_can.o(.text.HAL_CAN_WakeUpFromRxMsgCallback)
    HAL_DMA_Abort                            0x08001375   Thumb Code   128  stm32f4xx_hal_dma.o(.text.HAL_DMA_Abort)
    HAL_DMA_Abort_IT                         0x080013f5   Thumb Code    36  stm32f4xx_hal_dma.o(.text.HAL_DMA_Abort_IT)
    HAL_DMA_IRQHandler                       0x08001419   Thumb Code   442  stm32f4xx_hal_dma.o(.text.HAL_DMA_IRQHandler)
    HAL_DMA_Init                             0x080015d5   Thumb Code   328  stm32f4xx_hal_dma.o(.text.HAL_DMA_Init)
    HAL_DMA_Start_IT                         0x0800171d   Thumb Code   160  stm32f4xx_hal_dma.o(.text.HAL_DMA_Start_IT)
    HAL_Delay                                0x080017bd   Thumb Code    40  stm32f4xx_hal.o(.text.HAL_Delay)
    HAL_GPIO_Init                            0x080017e5   Thumb Code   414  stm32f4xx_hal_gpio.o(.text.HAL_GPIO_Init)
    HAL_GPIO_ReadPin                         0x08001985   Thumb Code    10  stm32f4xx_hal_gpio.o(.text.HAL_GPIO_ReadPin)
    HAL_GPIO_WritePin                        0x08001991   Thumb Code    10  stm32f4xx_hal_gpio.o(.text.HAL_GPIO_WritePin)
    HAL_GetTick                              0x0800199d   Thumb Code    12  stm32f4xx_hal.o(.text.HAL_GetTick)
    HAL_IncTick                              0x080019a9   Thumb Code    26  stm32f4xx_hal.o(.text.HAL_IncTick)
    HAL_Init                                 0x080019c5   Thumb Code    54  stm32f4xx_hal.o(.text.HAL_Init)
    HAL_InitTick                             0x080019fd   Thumb Code    80  stm32f4xx_hal.o(.text.HAL_InitTick)
    HAL_MspInit                              0x08001a4d   Thumb Code    56  stm32f4xx_hal_msp.o(.text.HAL_MspInit)
    HAL_NVIC_EnableIRQ                       0x08001a85   Thumb Code    34  stm32f4xx_hal_cortex.o(.text.HAL_NVIC_EnableIRQ)
    HAL_NVIC_SetPriority                     0x08001aa9   Thumb Code    86  stm32f4xx_hal_cortex.o(.text.HAL_NVIC_SetPriority)
    HAL_NVIC_SetPriorityGrouping             0x08001b01   Thumb Code    32  stm32f4xx_hal_cortex.o(.text.HAL_NVIC_SetPriorityGrouping)
    HAL_RCCEx_PeriphCLKConfig                0x08001b21   Thumb Code   572  stm32f4xx_hal_rcc_ex.o(.text.HAL_RCCEx_PeriphCLKConfig)
    HAL_RCC_ClockConfig                      0x08001d5d   Thumb Code   352  stm32f4xx_hal_rcc.o(.text.HAL_RCC_ClockConfig)
    HAL_RCC_GetPCLK1Freq                     0x08001ebd   Thumb Code    38  stm32f4xx_hal_rcc.o(.text.HAL_RCC_GetPCLK1Freq)
    HAL_RCC_GetPCLK2Freq                     0x08001ee5   Thumb Code    38  stm32f4xx_hal_rcc.o(.text.HAL_RCC_GetPCLK2Freq)
    HAL_RCC_GetSysClockFreq                  0x08001f0d   Thumb Code   104  stm32f4xx_hal_rcc.o(.text.HAL_RCC_GetSysClockFreq)
    HAL_RCC_OscConfig                        0x08001f75   Thumb Code   884  stm32f4xx_hal_rcc.o(.text.HAL_RCC_OscConfig)
    HAL_RNG_ErrorCallback                    0x080022e9   Thumb Code     2  stm32f4xx_hal_rng.o(.text.HAL_RNG_ErrorCallback)
    HAL_RNG_GenerateRandomNumber             0x080022ed   Thumb Code   108  stm32f4xx_hal_rng.o(.text.HAL_RNG_GenerateRandomNumber)
    HAL_RNG_IRQHandler                       0x08002359   Thumb Code    88  stm32f4xx_hal_rng.o(.text.HAL_RNG_IRQHandler)
    HAL_RNG_Init                             0x080023b1   Thumb Code    50  stm32f4xx_hal_rng.o(.text.HAL_RNG_Init)
    HAL_RNG_MspInit                          0x080023e5   Thumb Code    72  rng.o(.text.HAL_RNG_MspInit)
    HAL_RNG_ReadyDataCallback                0x0800242d   Thumb Code     2  stm32f4xx_hal_rng.o(.text.HAL_RNG_ReadyDataCallback)
    HAL_RTCEx_AlarmBEventCallback            0x08002431   Thumb Code     2  stm32f4xx_hal_rtc_ex.o(.text.HAL_RTCEx_AlarmBEventCallback)
    HAL_RTC_AlarmAEventCallback              0x08002435   Thumb Code     2  stm32f4xx_hal_rtc.o(.text.HAL_RTC_AlarmAEventCallback)
    HAL_RTC_AlarmIRQHandler                  0x08002439   Thumb Code    96  stm32f4xx_hal_rtc.o(.text.HAL_RTC_AlarmIRQHandler)
    HAL_RTC_Init                             0x08002499   Thumb Code   244  stm32f4xx_hal_rtc.o(.text.HAL_RTC_Init)
    HAL_RTC_MspInit                          0x0800258d   Thumb Code    90  rtc.o(.text.HAL_RTC_MspInit)
    HAL_RTC_SetAlarm_IT                      0x080025e9   Thumb Code   674  stm32f4xx_hal_rtc.o(.text.HAL_RTC_SetAlarm_IT)
    HAL_RTC_SetDate                          0x0800288d   Thumb Code   354  stm32f4xx_hal_rtc.o(.text.HAL_RTC_SetDate)
    HAL_RTC_SetTime                          0x080029f1   Thumb Code   422  stm32f4xx_hal_rtc.o(.text.HAL_RTC_SetTime)
    HAL_SPI_ErrorCallback                    0x08002b99   Thumb Code     2  stm32f4xx_hal_spi.o(.text.HAL_SPI_ErrorCallback)
    HAL_SPI_IRQHandler                       0x08002b9d   Thumb Code   274  stm32f4xx_hal_spi.o(.text.HAL_SPI_IRQHandler)
    HAL_SPI_Init                             0x08002cb1   Thumb Code   180  stm32f4xx_hal_spi.o(.text.HAL_SPI_Init)
    HAL_SPI_MspInit                          0x08002d65   Thumb Code   266  spi.o(.text.HAL_SPI_MspInit)
    HAL_SYSTICK_Config                       0x08002e71   Thumb Code    44  stm32f4xx_hal_cortex.o(.text.HAL_SYSTICK_Config)
    HAL_TIMEx_BreakCallback                  0x08002e9d   Thumb Code     2  stm32f4xx_hal_tim_ex.o(.text.HAL_TIMEx_BreakCallback)
    HAL_TIMEx_CommutCallback                 0x08002ea1   Thumb Code     2  stm32f4xx_hal_tim_ex.o(.text.HAL_TIMEx_CommutCallback)
    HAL_TIMEx_ConfigBreakDeadTime            0x08002ea5   Thumb Code    80  stm32f4xx_hal_tim_ex.o(.text.HAL_TIMEx_ConfigBreakDeadTime)
    HAL_TIMEx_MasterConfigSynchronization    0x08002ef5   Thumb Code   182  stm32f4xx_hal_tim_ex.o(.text.HAL_TIMEx_MasterConfigSynchronization)
    HAL_TIMEx_PWMN_Start                     0x08002fad   Thumb Code   248  stm32f4xx_hal_tim_ex.o(.text.HAL_TIMEx_PWMN_Start)
    HAL_TIM_Base_Init                        0x080030a5   Thumb Code    90  stm32f4xx_hal_tim.o(.text.HAL_TIM_Base_Init)
    HAL_TIM_Base_MspInit                     0x08003101   Thumb Code   694  tim.o(.text.HAL_TIM_Base_MspInit)
    HAL_TIM_Base_Start_IT                    0x080033b9   Thumb Code   168  stm32f4xx_hal_tim.o(.text.HAL_TIM_Base_Start_IT)
    HAL_TIM_ConfigClockSource                0x08003461   Thumb Code   412  stm32f4xx_hal_tim.o(.text.HAL_TIM_ConfigClockSource)
    HAL_TIM_IC_CaptureCallback               0x08003601   Thumb Code   232  main.o(.text.HAL_TIM_IC_CaptureCallback)
    HAL_TIM_IC_ConfigChannel                 0x080036f5   Thumb Code   438  stm32f4xx_hal_tim.o(.text.HAL_TIM_IC_ConfigChannel)
    HAL_TIM_IC_Init                          0x080038ad   Thumb Code    90  stm32f4xx_hal_tim.o(.text.HAL_TIM_IC_Init)
    HAL_TIM_IC_MspInit                       0x08003909   Thumb Code     2  stm32f4xx_hal_tim.o(.text.HAL_TIM_IC_MspInit)
    HAL_TIM_IC_Start_IT                      0x0800390d   Thumb Code   320  stm32f4xx_hal_tim.o(.text.HAL_TIM_IC_Start_IT)
    HAL_TIM_IRQHandler                       0x08003a4d   Thumb Code   330  stm32f4xx_hal_tim.o(.text.HAL_TIM_IRQHandler)
    HAL_TIM_OC_DelayElapsedCallback          0x08003b99   Thumb Code     2  stm32f4xx_hal_tim.o(.text.HAL_TIM_OC_DelayElapsedCallback)
    HAL_TIM_PWM_ConfigChannel                0x08003b9d   Thumb Code   532  stm32f4xx_hal_tim.o(.text.HAL_TIM_PWM_ConfigChannel)
    HAL_TIM_PWM_Init                         0x08003db1   Thumb Code    90  stm32f4xx_hal_tim.o(.text.HAL_TIM_PWM_Init)
    HAL_TIM_PWM_MspInit                      0x08003e0d   Thumb Code     2  stm32f4xx_hal_tim.o(.text.HAL_TIM_PWM_MspInit)
    HAL_TIM_PWM_PulseFinishedCallback        0x08003e11   Thumb Code     2  stm32f4xx_hal_tim.o(.text.HAL_TIM_PWM_PulseFinishedCallback)
    HAL_TIM_PeriodElapsedCallback            0x08003e19   Thumb Code  4960  main.o(.text.HAL_TIM_PeriodElapsedCallback)
    HAL_TIM_ReadCapturedValue                0x080051c1   Thumb Code    52  stm32f4xx_hal_tim.o(.text.HAL_TIM_ReadCapturedValue)
    HAL_TIM_TriggerCallback                  0x080051f5   Thumb Code     2  stm32f4xx_hal_tim.o(.text.HAL_TIM_TriggerCallback)
    HAL_UARTEx_ReceiveToIdle_DMA             0x080051f9   Thumb Code   454  stm32f4xx_hal_uart.o(.text.HAL_UARTEx_ReceiveToIdle_DMA)
    HAL_UARTEx_ReceiveToIdle_IT              0x080053c1   Thumb Code   190  stm32f4xx_hal_uart.o(.text.HAL_UARTEx_ReceiveToIdle_IT)
    HAL_UARTEx_RxEventCallback               0x08005481   Thumb Code  1584  main.o(.text.HAL_UARTEx_RxEventCallback)
    HAL_UART_ErrorCallback                   0x08005ac1   Thumb Code     2  stm32f4xx_hal_uart.o(.text.HAL_UART_ErrorCallback)
    HAL_UART_IRQHandler                      0x08005ac5   Thumb Code  1380  stm32f4xx_hal_uart.o(.text.HAL_UART_IRQHandler)
    HAL_UART_Init                            0x08006029   Thumb Code    96  stm32f4xx_hal_uart.o(.text.HAL_UART_Init)
    HAL_UART_MspInit                         0x08006089   Thumb Code  1372  usart.o(.text.HAL_UART_MspInit)
    HAL_UART_RxCpltCallback                  0x080065e5   Thumb Code     2  stm32f4xx_hal_uart.o(.text.HAL_UART_RxCpltCallback)
    HAL_UART_RxHalfCpltCallback              0x080065e9   Thumb Code     2  stm32f4xx_hal_uart.o(.text.HAL_UART_RxHalfCpltCallback)
    HAL_UART_Transmit                        0x080065ed   Thumb Code   228  stm32f4xx_hal_uart.o(.text.HAL_UART_Transmit)
    HAL_UART_Transmit_DMA                    0x080066d1   Thumb Code   182  stm32f4xx_hal_uart.o(.text.HAL_UART_Transmit_DMA)
    HAL_UART_TxCpltCallback                  0x08006789   Thumb Code     2  stm32f4xx_hal_uart.o(.text.HAL_UART_TxCpltCallback)
    HAL_UART_TxHalfCpltCallback              0x0800678d   Thumb Code     2  stm32f4xx_hal_uart.o(.text.HAL_UART_TxHalfCpltCallback)
    HASH_RNG_IRQHandler                      0x08006791   Thumb Code    12  stm32f4xx_it.o(.text.HASH_RNG_IRQHandler)
    HardFault_Handler                        0x0800679d   Thumb Code     2  stm32f4xx_it.o(.text.HardFault_Handler)
    MX_CAN1_Init                             0x080067a1   Thumb Code   178  can.o(.text.MX_CAN1_Init)
    MX_CAN2_Init                             0x08006855   Thumb Code    70  can.o(.text.MX_CAN2_Init)
    MX_DMA_Init                              0x0800689d   Thumb Code   172  dma.o(.text.MX_DMA_Init)
    MX_GPIO_Init                             0x08006949   Thumb Code   392  gpio.o(.text.MX_GPIO_Init)
    MX_RNG_Init                              0x08006ad1   Thumb Code    38  rng.o(.text.MX_RNG_Init)
    MX_RTC_Init                              0x08006af9   Thumb Code   200  rtc.o(.text.MX_RTC_Init)
    MX_SPI1_Init                             0x08006bc1   Thumb Code    70  spi.o(.text.MX_SPI1_Init)
    MX_SPI2_Init                             0x08006c09   Thumb Code    70  spi.o(.text.MX_SPI2_Init)
    MX_TIM10_Init                            0x08006c51   Thumb Code    54  tim.o(.text.MX_TIM10_Init)
    MX_TIM12_Init                            0x08006c89   Thumb Code    90  tim.o(.text.MX_TIM12_Init)
    MX_TIM1_Init                             0x08006ce5   Thumb Code   118  tim.o(.text.MX_TIM1_Init)
    MX_TIM2_Init                             0x08006d5d   Thumb Code   216  tim.o(.text.MX_TIM2_Init)
    MX_TIM4_Init                             0x08006e35   Thumb Code   312  tim.o(.text.MX_TIM4_Init)
    MX_TIM5_Init                             0x08006f6d   Thumb Code   220  tim.o(.text.MX_TIM5_Init)
    MX_TIM6_Init                             0x08007049   Thumb Code    82  tim.o(.text.MX_TIM6_Init)
    MX_TIM8_Init                             0x0800709d   Thumb Code   376  tim.o(.text.MX_TIM8_Init)
    MX_TIM9_Init                             0x08007215   Thumb Code    90  tim.o(.text.MX_TIM9_Init)
    MX_UART4_Init                            0x08007271   Thumb Code    60  usart.o(.text.MX_UART4_Init)
    MX_UART5_Init                            0x080072ad   Thumb Code    60  usart.o(.text.MX_UART5_Init)
    MX_UART7_Init                            0x080072e9   Thumb Code    60  usart.o(.text.MX_UART7_Init)
    MX_UART8_Init                            0x08007325   Thumb Code    60  usart.o(.text.MX_UART8_Init)
    MX_USART1_UART_Init                      0x08007361   Thumb Code    60  usart.o(.text.MX_USART1_UART_Init)
    MX_USART2_UART_Init                      0x0800739d   Thumb Code    60  usart.o(.text.MX_USART2_UART_Init)
    MX_USART3_UART_Init                      0x080073d9   Thumb Code    60  usart.o(.text.MX_USART3_UART_Init)
    MemManage_Handler                        0x08007415   Thumb Code     2  stm32f4xx_it.o(.text.MemManage_Handler)
    NMI_Handler                              0x08007419   Thumb Code     2  stm32f4xx_it.o(.text.NMI_Handler)
    PendSV_Handler                           0x0800741d   Thumb Code     2  stm32f4xx_it.o(.text.PendSV_Handler)
    RTC_Alarm_IRQHandler                     0x08007421   Thumb Code    12  stm32f4xx_it.o(.text.RTC_Alarm_IRQHandler)
    SPI1_IRQHandler                          0x0800742d   Thumb Code    12  stm32f4xx_it.o(.text.SPI1_IRQHandler)
    SPI2_IRQHandler                          0x08007439   Thumb Code    12  stm32f4xx_it.o(.text.SPI2_IRQHandler)
    SVC_Handler                              0x08007451   Thumb Code     2  stm32f4xx_it.o(.text.SVC_Handler)
    SysTick_Handler                          0x08007455   Thumb Code     4  stm32f4xx_it.o(.text.SysTick_Handler)
    SystemClock_Config                       0x08007459   Thumb Code   170  main.o(.text.SystemClock_Config)
    SystemInit                               0x08007505   Thumb Code    18  system_stm32f4xx.o(.text.SystemInit)
    TIM1_BRK_TIM9_IRQHandler                 0x08007519   Thumb Code    30  stm32f4xx_it.o(.text.TIM1_BRK_TIM9_IRQHandler)
    TIM1_TRG_COM_TIM11_IRQHandler            0x08007539   Thumb Code    12  stm32f4xx_it.o(.text.TIM1_TRG_COM_TIM11_IRQHandler)
    TIM1_UP_TIM10_IRQHandler                 0x08007545   Thumb Code    30  stm32f4xx_it.o(.text.TIM1_UP_TIM10_IRQHandler)
    TIM2_IRQHandler                          0x08007565   Thumb Code    12  stm32f4xx_it.o(.text.TIM2_IRQHandler)
    TIM5_IRQHandler                          0x08007571   Thumb Code    12  stm32f4xx_it.o(.text.TIM5_IRQHandler)
    TIM6_DAC_IRQHandler                      0x0800757d   Thumb Code    12  stm32f4xx_it.o(.text.TIM6_DAC_IRQHandler)
    TIM8_BRK_TIM12_IRQHandler                0x08007589   Thumb Code    30  stm32f4xx_it.o(.text.TIM8_BRK_TIM12_IRQHandler)
    TIM_Base_SetConfig                       0x080075a9   Thumb Code   308  stm32f4xx_hal_tim.o(.text.TIM_Base_SetConfig)
    UART4_IRQHandler                         0x080076dd   Thumb Code    12  stm32f4xx_it.o(.text.UART4_IRQHandler)
    UART5_IRQHandler                         0x080076e9   Thumb Code    12  stm32f4xx_it.o(.text.UART5_IRQHandler)
    UART7_IRQHandler                         0x080076f5   Thumb Code    12  stm32f4xx_it.o(.text.UART7_IRQHandler)
    UART8_IRQHandler                         0x08007701   Thumb Code    12  stm32f4xx_it.o(.text.UART8_IRQHandler)
    USART1_IRQHandler                        0x08007ca9   Thumb Code    12  stm32f4xx_it.o(.text.USART1_IRQHandler)
    USART2_IRQHandler                        0x08007cb5   Thumb Code    12  stm32f4xx_it.o(.text.USART2_IRQHandler)
    USART3_IRQHandler                        0x08007cc1   Thumb Code    12  stm32f4xx_it.o(.text.USART3_IRQHandler)
    UsageFault_Handler                       0x08007ccd   Thumb Code     2  stm32f4xx_it.o(.text.UsageFault_Handler)
    can_user_init                            0x08007cd1   Thumb Code    90  bsp_can.o(.text.can_user_init)
    clear_motor_mistake                      0x08007d2d   Thumb Code    48  bsp_can.o(.text.clear_motor_mistake)
    main                                     0x08007d61   Thumb Code  2192  main.o(.text.main)
    pid_calc                                 0x0800861d   Thumb Code   170  pid.o(.text.pid_calc)
    pid_init                                 0x080086c9   Thumb Code    28  pid.o(.text.pid_init)
    read_motor_position                      0x080086e5   Thumb Code    48  bsp_can.o(.text.read_motor_position)
    set_motor_position                       0x08008715   Thumb Code    62  bsp_can.o(.text.set_motor_position)
    set_motor_speed_dm4005                   0x08008755   Thumb Code    70  bsp_can.o(.text.set_motor_speed_dm4005)
    set_motor_voltage                        0x0800879d   Thumb Code   112  bsp_can.o(.text.set_motor_voltage)
    __scatterload_copy                       0x0800880d   Thumb Code    14  handlers.o(i.__scatterload_copy)
    __scatterload_null                       0x0800881b   Thumb Code     2  handlers.o(i.__scatterload_null)
    __scatterload_zeroinit                   0x0800881d   Thumb Code    14  handlers.o(i.__scatterload_zeroinit)
    AHBPrescTable                            0x0800882a   Data          16  system_stm32f4xx.o(.rodata.AHBPrescTable)
    APBPrescTable                            0x0800883a   Data           8  system_stm32f4xx.o(.rodata.APBPrescTable)
    Region$$Table$$Base                      0x0800886c   Number         0  anon$$obj.o(Region$$Table)
    Region$$Table$$Limit                     0x0800888c   Number         0  anon$$obj.o(Region$$Table)
    GimbalFlag                               0x20000000   Data           1  main.o(.data.GimbalFlag)
    GimbalStopFlag                           0x20000001   Data           1  main.o(.data.GimbalStopFlag)
    PurposeCentre                            0x20000002   Data           4  main.o(.data.PurposeCentre)
    SystemCoreClock                          0x20000008   Data           4  system_stm32f4xx.o(.data.SystemCoreClock)
    TargetCentre                             0x2000000c   Data           4  main.o(.data.TargetCentre)
    uwTickFreq                               0x20000010   Data           1  stm32f4xx_hal.o(.data.uwTickFreq)
    uwTickPrio                               0x20000014   Data           4  stm32f4xx_hal.o(.data.uwTickPrio)
    yTimDistance                             0x20000018   Data           4  main.o(.data.yTimDistance)
    AngularVelocity                          0x20000020   Data          12  main.o(.bss.AngularVelocity)
    CorrectTime                              0x2000002c   Data           1  main.o(.bss.CorrectTime)
    CorrectTimePerSecond                     0x2000002d   Data           1  main.o(.bss.CorrectTimePerSecond)
    DM4005_error                             0x2000002e   Data           1  bsp_can.o(.bss.DM4005_error)
    DM4005_info                              0x20000030   Data           2  main.o(.bss.DM4005_info)
    Errory                                   0x20000032   Data           4  main.o(.bss.Errory)
    FailTime                                 0x20000036   Data           1  main.o(.bss.FailTime)
    FailTimePerSecond                        0x20000037   Data           1  main.o(.bss.FailTimePerSecond)
    FailTimeinaRow                           0x20000038   Data           1  main.o(.bss.FailTimeinaRow)
    Flag4005                                 0x20000039   Data           1  main.o(.bss.Flag4005)
    GM6020_info                              0x2000003a   Data           8  main.o(.bss.GM6020_info)
    GimbalError                              0x20000048   Data          24  main.o(.bss.GimbalError)
    GimbalIntegralResult                     0x20000060   Data           8  main.o(.bss.GimbalIntegralResult)
    HitFlag                                  0x2000006c   Data           1  main.o(.bss.HitFlag)
    HitTime                                  0x2000006e   Data           2  main.o(.bss.HitTime)
    KdGimbal1                                0x20000138   Data           4  main.o(.bss.KdGimbal1)
    KiGimbal1                                0x2000013c   Data           4  main.o(.bss.KiGimbal1)
    KpGimbal1                                0x20000140   Data           4  main.o(.bss.KpGimbal1)
    M2006_info                               0x20000194   Data          24  main.o(.bss.M2006_info)
    M2006_info_error                         0x200001ac   Data          24  main.o(.bss.M2006_info_error)
    MotorspeedSet                            0x200001c8   Data          32  main.o(.bss.MotorspeedSet)
    MotorspeedSetMid                         0x200001e8   Data           8  main.o(.bss.MotorspeedSetMid)
    MotorspeedSetRandom                      0x200001f0   Data          40  main.o(.bss.MotorspeedSetRandom)
    MotorspeedSetStandard                    0x20000218   Data          40  main.o(.bss.MotorspeedSetStandard)
    PosPIDResult                             0x20000240   Data           8  main.o(.bss.PosPIDResult)
    RunFlag                                  0x20000252   Data           1  main.o(.bss.RunFlag)
    RxData                                   0x20000258   Data           8  bsp_can.o(.bss.RxData)
    RxHeader                                 0x20000260   Data          28  can.o(.bss.RxHeader)
    SetAngle                                 0x2000027c   Data           4  main.o(.bss.SetAngle)
    SpeedPIDResult                           0x20000280   Data          32  main.o(.bss.SpeedPIDResult)
    TimerSystemMode                          0x200002a0   Data           1  main.o(.bss.TimerSystemMode)
    TxHeader                                 0x200002a4   Data          24  can.o(.bss.TxHeader)
    UARTOverTime                             0x200002bc   Data           4  main.o(.bss.UARTOverTime)
    chassis_angle                            0x200002c0   Data          12  main.o(.bss.chassis_angle)
    distance1                                0x200002cc   Data           2  main.o(.bss.distance1)
    distance1init                            0x200002ce   Data           2  main.o(.bss.distance1init)
    distance2                                0x200002d0   Data           2  main.o(.bss.distance2)
    distance2init                            0x200002d2   Data           2  main.o(.bss.distance2init)
    distance3                                0x200002d4   Data           2  main.o(.bss.distance3)
    distance3init                            0x200002d6   Data           2  main.o(.bss.distance3init)
    distance4                                0x200002d8   Data           2  main.o(.bss.distance4)
    distance4init                            0x200002da   Data           2  main.o(.bss.distance4init)
    dm4005Error                              0x200002dc   Data           2  main.o(.bss.dm4005Error)
    gimbal_angle                             0x200002e0   Data          12  main.o(.bss.gimbal_angle)
    hcan1                                    0x200002ec   Data          40  can.o(.bss.hcan1)
    hcan2                                    0x20000314   Data          40  can.o(.bss.hcan2)
    hdma_uart4_rx                            0x2000033c   Data          96  usart.o(.bss.hdma_uart4_rx)
    hdma_uart7_rx                            0x2000039c   Data          96  usart.o(.bss.hdma_uart7_rx)
    hdma_uart8_tx                            0x200003fc   Data          96  usart.o(.bss.hdma_uart8_tx)
    hdma_usart1_rx                           0x2000045c   Data          96  usart.o(.bss.hdma_usart1_rx)
    hdma_usart2_rx                           0x200004bc   Data          96  usart.o(.bss.hdma_usart2_rx)
    hdma_usart3_rx                           0x2000051c   Data          96  usart.o(.bss.hdma_usart3_rx)
    hdma_usart3_tx                           0x2000057c   Data          96  usart.o(.bss.hdma_usart3_tx)
    hrng                                     0x200005dc   Data          16  rng.o(.bss.hrng)
    hrtc                                     0x200005ec   Data          32  rtc.o(.bss.hrtc)
    hspi1                                    0x2000060c   Data          88  spi.o(.bss.hspi1)
    hspi2                                    0x20000664   Data          88  spi.o(.bss.hspi2)
    htim1                                    0x200006bc   Data          72  tim.o(.bss.htim1)
    htim10                                   0x20000704   Data          72  tim.o(.bss.htim10)
    htim12                                   0x2000074c   Data          72  tim.o(.bss.htim12)
    htim2                                    0x20000794   Data          72  tim.o(.bss.htim2)
    htim4                                    0x200007dc   Data          72  tim.o(.bss.htim4)
    htim5                                    0x20000824   Data          72  tim.o(.bss.htim5)
    htim6                                    0x2000086c   Data          72  tim.o(.bss.htim6)
    htim8                                    0x200008b4   Data          72  tim.o(.bss.htim8)
    htim9                                    0x200008fc   Data          72  tim.o(.bss.htim9)
    huart1                                   0x20000944   Data          72  usart.o(.bss.huart1)
    huart2                                   0x2000098c   Data          72  usart.o(.bss.huart2)
    huart3                                   0x200009d4   Data          72  usart.o(.bss.huart3)
    huart4                                   0x20000a1c   Data          72  usart.o(.bss.huart4)
    huart5                                   0x20000a64   Data          72  usart.o(.bss.huart5)
    huart7                                   0x20000aac   Data          72  usart.o(.bss.huart7)
    huart8                                   0x20000af4   Data          72  usart.o(.bss.huart8)
    j                                        0x20000b3c   Data           4  main.o(.bss.j)
    motor_info                               0x20000b40   Data          12  bsp_can.o(.bss.motor_info)
    motor_pid                                0x20000b4c   Data          52  main.o(.bss.motor_pid)
    motor_voltage                            0x20000b80   Data           8  main.o(.bss.motor_voltage)
    rx_data                                  0x20000b88   Data           8  bsp_can.o(.bss.rx_data)
    rx_header                                0x20000b90   Data          28  can.o(.bss.rx_header)
    target_speed                             0x20000bac   Data           4  main.o(.bss.target_speed)
    target_speedy                            0x20000bb0   Data           4  main.o(.bss.target_speedy)
    uwTick                                   0x20000bb4   Data           4  stm32f4xx_hal.o(.bss.uwTick)
    xTimDistance                             0x20000bb8   Data           4  main.o(.bss.xTimDistance)
    xTimDownCounter                          0x20000bbc   Data           4  main.o(.bss.xTimDownCounter)
    xTimDuty                                 0x20000bc0   Data           4  main.o(.bss.xTimDuty)
    xTimDutyInit                             0x20000bc4   Data           4  main.o(.bss.xTimDutyInit)
    xTimDutyOld                              0x20000bc8   Data           4  main.o(.bss.xTimDutyOld)
    xTimDutyOverflow                         0x20000bcc   Data           2  main.o(.bss.xTimDutyOverflow)
    xTimUpCounter                            0x20000bd0   Data           4  main.o(.bss.xTimUpCounter)
    yTimDistanceMaxRandom                    0x20000bd4   Data          40  main.o(.bss.yTimDistanceMaxRandom)
    yTimDistanceMaxStandard                  0x20000bfc   Data          40  main.o(.bss.yTimDistanceMaxStandard)
    yTimDistanceMinRandom                    0x20000c24   Data          40  main.o(.bss.yTimDistanceMinRandom)
    yTimDistanceMinStandard                  0x20000c4c   Data          40  main.o(.bss.yTimDistanceMinStandard)
    yTimDownCounter                          0x20000c74   Data           4  main.o(.bss.yTimDownCounter)
    yTimDuty                                 0x20000c78   Data           4  main.o(.bss.yTimDuty)
    yTimDutyInit                             0x20000c7c   Data           4  main.o(.bss.yTimDutyInit)
    yTimDutyOld                              0x20000c80   Data           4  main.o(.bss.yTimDutyOld)
    yTimDutyOverflow                         0x20000c84   Data           2  main.o(.bss.yTimDutyOverflow)
    yTimUpCounter                            0x20000c88   Data           4  main.o(.bss.yTimUpCounter)
    __initial_sp                             0x20001090   Data           0  startup_stm32f427xx.o(STACK)



==============================================================================

Memory Map of the image

  Image Entry point : 0x080001ad

  Load Region LR_IROM1 (Base: 0x08000000, Size: 0x000088b0, Max: 0x00100000, ABSOLUTE)

    Execution Region ER_IROM1 (Exec base: 0x08000000, Load base: 0x08000000, Size: 0x0000888c, Max: 0x00100000, ABSOLUTE)

    Exec Addr    Load Addr    Size         Type   Attr      Idx    E Section Name        Object

    0x08000000   0x08000000   0x000001ac   Data   RO            3    RESET               startup_stm32f427xx.o
    0x080001ac   0x080001ac   0x00000000   Code   RO         1649  * .ARM.Collect$$$$00000000  mc_w.l(entry.o)
    0x080001ac   0x080001ac   0x00000004   Code   RO         1680    .ARM.Collect$$$$00000001  mc_w.l(entry2.o)
    0x080001b0   0x080001b0   0x00000004   Code   RO         1683    .ARM.Collect$$$$00000004  mc_w.l(entry5.o)
    0x080001b4   0x080001b4   0x00000000   Code   RO         1685    .ARM.Collect$$$$00000008  mc_w.l(entry7b.o)
    0x080001b4   0x080001b4   0x00000000   Code   RO         1687    .ARM.Collect$$$$0000000A  mc_w.l(entry8b.o)
    0x080001b4   0x080001b4   0x00000008   Code   RO         1688    .ARM.Collect$$$$0000000B  mc_w.l(entry9a.o)
    0x080001bc   0x080001bc   0x00000000   Code   RO         1690    .ARM.Collect$$$$0000000D  mc_w.l(entry10a.o)
    0x080001bc   0x080001bc   0x00000000   Code   RO         1692    .ARM.Collect$$$$0000000F  mc_w.l(entry11a.o)
    0x080001bc   0x080001bc   0x00000004   Code   RO         1681    .ARM.Collect$$$$00002712  mc_w.l(entry2.o)
    0x080001c0   0x080001c0   0x00000024   Code   RO            4    .text               startup_stm32f427xx.o
    0x080001e4   0x080001e4   0x00000062   Code   RO         1652    .text               mc_w.l(uldiv.o)
    0x08000246   0x08000246   0x00000024   Code   RO         1654    .text               mc_w.l(memseta.o)
    0x0800026a   0x0800026a   0x0000014e   Code   RO         1656    .text               mf_w.l(dadd.o)
    0x080003b8   0x080003b8   0x000000e4   Code   RO         1658    .text               mf_w.l(dmul.o)
    0x0800049c   0x0800049c   0x000000de   Code   RO         1660    .text               mf_w.l(ddiv.o)
    0x0800057a   0x0800057a   0x00000036   Code   RO         1662    .text               mf_w.l(dcmple.o)
    0x080005b0   0x080005b0   0x00000036   Code   RO         1664    .text               mf_w.l(dcmplt.o)
    0x080005e6   0x080005e6   0x00000036   Code   RO         1666    .text               mf_w.l(dcmpge.o)
    0x0800061c   0x0800061c   0x00000036   Code   RO         1668    .text               mf_w.l(dcmpgt.o)
    0x08000652   0x08000652   0x00000022   Code   RO         1670    .text               mf_w.l(dflti.o)
    0x08000674   0x08000674   0x0000001a   Code   RO         1672    .text               mf_w.l(dfltui.o)
    0x0800068e   0x0800068e   0x0000003e   Code   RO         1674    .text               mf_w.l(dfixi.o)
    0x080006cc   0x080006cc   0x00000026   Code   RO         1676    .text               mf_w.l(f2d.o)
    0x080006f2   0x080006f2   0x00000038   Code   RO         1678    .text               mf_w.l(d2f.o)
    0x0800072a   0x0800072a   0x0000001e   Code   RO         1694    .text               mc_w.l(llshl.o)
    0x08000748   0x08000748   0x00000020   Code   RO         1696    .text               mc_w.l(llushr.o)
    0x08000768   0x08000768   0x00000024   Code   RO         1698    .text               mc_w.l(llsshr.o)
    0x0800078c   0x0800078c   0x00000000   Code   RO         1700    .text               mc_w.l(iusefp.o)
    0x0800078c   0x0800078c   0x0000006e   Code   RO         1701    .text               mf_w.l(fepilogue.o)
    0x080007fa   0x080007fa   0x000000ba   Code   RO         1703    .text               mf_w.l(depilogue.o)
    0x080008b4   0x080008b4   0x00000030   Code   RO         1705    .text               mc_w.l(init.o)
    0x080008e4   0x080008e4   0x00000002   Code   RO          329    .text.BusFault_Handler  stm32f4xx_it.o
    0x080008e6   0x080008e6   0x00000002   PAD
    0x080008e8   0x080008e8   0x0000000c   Code   RO          353    .text.CAN1_RX0_IRQHandler  stm32f4xx_it.o
    0x080008f4   0x080008f4   0x0000000c   Code   RO          355    .text.CAN1_RX1_IRQHandler  stm32f4xx_it.o
    0x08000900   0x08000900   0x0000000c   Code   RO          391    .text.CAN2_RX0_IRQHandler  stm32f4xx_it.o
    0x0800090c   0x0800090c   0x0000000c   Code   RO          389    .text.CAN2_TX_IRQHandler  stm32f4xx_it.o
    0x08000918   0x08000918   0x0000000c   Code   RO          341    .text.DMA1_Stream0_IRQHandler  stm32f4xx_it.o
    0x08000924   0x08000924   0x0000000c   Code   RO          343    .text.DMA1_Stream1_IRQHandler  stm32f4xx_it.o
    0x08000930   0x08000930   0x0000000c   Code   RO          345    .text.DMA1_Stream2_IRQHandler  stm32f4xx_it.o
    0x0800093c   0x0800093c   0x0000000c   Code   RO          347    .text.DMA1_Stream3_IRQHandler  stm32f4xx_it.o
    0x08000948   0x08000948   0x0000000c   Code   RO          349    .text.DMA1_Stream4_IRQHandler  stm32f4xx_it.o
    0x08000954   0x08000954   0x0000000c   Code   RO          351    .text.DMA1_Stream5_IRQHandler  stm32f4xx_it.o
    0x08000960   0x08000960   0x0000000c   Code   RO          387    .text.DMA2_Stream2_IRQHandler  stm32f4xx_it.o
    0x0800096c   0x0800096c   0x00000002   Code   RO          335    .text.DebugMon_Handler  stm32f4xx_it.o
    0x0800096e   0x0800096e   0x00000002   PAD
    0x08000970   0x08000970   0x00000006   Code   RO           59    .text.Error_Handler  main.o
    0x08000976   0x08000976   0x00000002   PAD
    0x08000978   0x08000978   0x00000026   Code   RO          448    .text.HAL_CAN_ActivateNotification  stm32f4xx_hal_can.o
    0x0800099e   0x0800099e   0x00000002   PAD
    0x080009a0   0x080009a0   0x00000096   Code   RO          434    .text.HAL_CAN_AddTxMessage  stm32f4xx_hal_can.o
    0x08000a36   0x08000a36   0x00000002   PAD
    0x08000a38   0x08000a38   0x000000de   Code   RO          424    .text.HAL_CAN_ConfigFilter  stm32f4xx_hal_can.o
    0x08000b16   0x08000b16   0x00000002   PAD
    0x08000b18   0x08000b18   0x00000002   Code   RO          478    .text.HAL_CAN_ErrorCallback  stm32f4xx_hal_can.o
    0x08000b1a   0x08000b1a   0x00000002   PAD
    0x08000b1c   0x08000b1c   0x0000011a   Code   RO          444    .text.HAL_CAN_GetRxMessage  stm32f4xx_hal_can.o
    0x08000c36   0x08000c36   0x00000002   PAD
    0x08000c38   0x08000c38   0x00000242   Code   RO          452    .text.HAL_CAN_IRQHandler  stm32f4xx_hal_can.o
    0x08000e7a   0x08000e7a   0x00000002   PAD
    0x08000e7c   0x08000e7c   0x000000f4   Code   RO          414    .text.HAL_CAN_Init  stm32f4xx_hal_can.o
    0x08000f70   0x08000f70   0x00000156   Code   RO          166    .text.HAL_CAN_MspInit  can.o
    0x080010c6   0x080010c6   0x00000002   PAD
    0x080010c8   0x080010c8   0x00000002   Code   RO          466    .text.HAL_CAN_RxFifo0FullCallback  stm32f4xx_hal_can.o
    0x080010ca   0x080010ca   0x00000006   PAD
    0x080010d0   0x080010d0   0x00000220   Code   RO           13    .text.HAL_CAN_RxFifo0MsgPendingCallback  bsp_can.o
    0x080012f0   0x080012f0   0x00000002   Code   RO          470    .text.HAL_CAN_RxFifo1FullCallback  stm32f4xx_hal_can.o
    0x080012f2   0x080012f2   0x00000002   PAD
    0x080012f4   0x080012f4   0x00000002   Code   RO          472    .text.HAL_CAN_RxFifo1MsgPendingCallback  stm32f4xx_hal_can.o
    0x080012f6   0x080012f6   0x00000002   PAD
    0x080012f8   0x080012f8   0x00000002   Code   RO          474    .text.HAL_CAN_SleepCallback  stm32f4xx_hal_can.o
    0x080012fa   0x080012fa   0x00000002   PAD
    0x080012fc   0x080012fc   0x0000005a   Code   RO          426    .text.HAL_CAN_Start  stm32f4xx_hal_can.o
    0x08001356   0x08001356   0x00000002   PAD
    0x08001358   0x08001358   0x00000002   Code   RO          456    .text.HAL_CAN_TxMailbox0AbortCallback  stm32f4xx_hal_can.o
    0x0800135a   0x0800135a   0x00000002   PAD
    0x0800135c   0x0800135c   0x00000002   Code   RO          454    .text.HAL_CAN_TxMailbox0CompleteCallback  stm32f4xx_hal_can.o
    0x0800135e   0x0800135e   0x00000002   PAD
    0x08001360   0x08001360   0x00000002   Code   RO          460    .text.HAL_CAN_TxMailbox1AbortCallback  stm32f4xx_hal_can.o
    0x08001362   0x08001362   0x00000002   PAD
    0x08001364   0x08001364   0x00000002   Code   RO          458    .text.HAL_CAN_TxMailbox1CompleteCallback  stm32f4xx_hal_can.o
    0x08001366   0x08001366   0x00000002   PAD
    0x08001368   0x08001368   0x00000002   Code   RO          464    .text.HAL_CAN_TxMailbox2AbortCallback  stm32f4xx_hal_can.o
    0x0800136a   0x0800136a   0x00000002   PAD
    0x0800136c   0x0800136c   0x00000002   Code   RO          462    .text.HAL_CAN_TxMailbox2CompleteCallback  stm32f4xx_hal_can.o
    0x0800136e   0x0800136e   0x00000002   PAD
    0x08001370   0x08001370   0x00000002   Code   RO          476    .text.HAL_CAN_WakeUpFromRxMsgCallback  stm32f4xx_hal_can.o
    0x08001372   0x08001372   0x00000002   PAD
    0x08001374   0x08001374   0x00000080   Code   RO          664    .text.HAL_DMA_Abort  stm32f4xx_hal_dma.o
    0x080013f4   0x080013f4   0x00000024   Code   RO          666    .text.HAL_DMA_Abort_IT  stm32f4xx_hal_dma.o
    0x08001418   0x08001418   0x000001ba   Code   RO          670    .text.HAL_DMA_IRQHandler  stm32f4xx_hal_dma.o
    0x080015d2   0x080015d2   0x00000002   PAD
    0x080015d4   0x080015d4   0x00000148   Code   RO          656    .text.HAL_DMA_Init  stm32f4xx_hal_dma.o
    0x0800171c   0x0800171c   0x000000a0   Code   RO          662    .text.HAL_DMA_Start_IT  stm32f4xx_hal_dma.o
    0x080017bc   0x080017bc   0x00000028   Code   RO          829    .text.HAL_Delay     stm32f4xx_hal.o
    0x080017e4   0x080017e4   0x0000019e   Code   RO          618    .text.HAL_GPIO_Init  stm32f4xx_hal_gpio.o
    0x08001982   0x08001982   0x00000002   PAD
    0x08001984   0x08001984   0x0000000a   Code   RO          622    .text.HAL_GPIO_ReadPin  stm32f4xx_hal_gpio.o
    0x0800198e   0x0800198e   0x00000002   PAD
    0x08001990   0x08001990   0x0000000a   Code   RO          624    .text.HAL_GPIO_WritePin  stm32f4xx_hal_gpio.o
    0x0800199a   0x0800199a   0x00000002   PAD
    0x0800199c   0x0800199c   0x0000000c   Code   RO          821    .text.HAL_GetTick   stm32f4xx_hal.o
    0x080019a8   0x080019a8   0x0000001a   Code   RO          819    .text.HAL_IncTick   stm32f4xx_hal.o
    0x080019c2   0x080019c2   0x00000002   PAD
    0x080019c4   0x080019c4   0x00000036   Code   RO          809    .text.HAL_Init      stm32f4xx_hal.o
    0x080019fa   0x080019fa   0x00000002   PAD
    0x080019fc   0x080019fc   0x00000050   Code   RO          811    .text.HAL_InitTick  stm32f4xx_hal.o
    0x08001a4c   0x08001a4c   0x00000038   Code   RO          406    .text.HAL_MspInit   stm32f4xx_hal_msp.o
    0x08001a84   0x08001a84   0x00000022   Code   RO          761    .text.HAL_NVIC_EnableIRQ  stm32f4xx_hal_cortex.o
    0x08001aa6   0x08001aa6   0x00000002   PAD
    0x08001aa8   0x08001aa8   0x00000056   Code   RO          759    .text.HAL_NVIC_SetPriority  stm32f4xx_hal_cortex.o
    0x08001afe   0x08001afe   0x00000002   PAD
    0x08001b00   0x08001b00   0x00000020   Code   RO          757    .text.HAL_NVIC_SetPriorityGrouping  stm32f4xx_hal_cortex.o
    0x08001b20   0x08001b20   0x0000023c   Code   RO          530    .text.HAL_RCCEx_PeriphCLKConfig  stm32f4xx_hal_rcc_ex.o
    0x08001d5c   0x08001d5c   0x00000160   Code   RO          498    .text.HAL_RCC_ClockConfig  stm32f4xx_hal_rcc.o
    0x08001ebc   0x08001ebc   0x00000026   Code   RO          510    .text.HAL_RCC_GetPCLK1Freq  stm32f4xx_hal_rcc.o
    0x08001ee2   0x08001ee2   0x00000002   PAD
    0x08001ee4   0x08001ee4   0x00000026   Code   RO          512    .text.HAL_RCC_GetPCLK2Freq  stm32f4xx_hal_rcc.o
    0x08001f0a   0x08001f0a   0x00000002   PAD
    0x08001f0c   0x08001f0c   0x00000068   Code   RO          500    .text.HAL_RCC_GetSysClockFreq  stm32f4xx_hal_rcc.o
    0x08001f74   0x08001f74   0x00000374   Code   RO          496    .text.HAL_RCC_OscConfig  stm32f4xx_hal_rcc.o
    0x080022e8   0x080022e8   0x00000002   Code   RO          922    .text.HAL_RNG_ErrorCallback  stm32f4xx_hal_rng.o
    0x080022ea   0x080022ea   0x00000002   PAD
    0x080022ec   0x080022ec   0x0000006c   Code   RO          912    .text.HAL_RNG_GenerateRandomNumber  stm32f4xx_hal_rng.o
    0x08002358   0x08002358   0x00000058   Code   RO          920    .text.HAL_RNG_IRQHandler  stm32f4xx_hal_rng.o
    0x080023b0   0x080023b0   0x00000032   Code   RO          904    .text.HAL_RNG_Init  stm32f4xx_hal_rng.o
    0x080023e2   0x080023e2   0x00000002   PAD
    0x080023e4   0x080023e4   0x00000048   Code   RO          196    .text.HAL_RNG_MspInit  rng.o
    0x0800242c   0x0800242c   0x00000002   Code   RO          924    .text.HAL_RNG_ReadyDataCallback  stm32f4xx_hal_rng.o
    0x0800242e   0x0800242e   0x00000002   PAD
    0x08002430   0x08002430   0x00000002   Code   RO         1066    .text.HAL_RTCEx_AlarmBEventCallback  stm32f4xx_hal_rtc_ex.o
    0x08002432   0x08002432   0x00000002   PAD
    0x08002434   0x08002434   0x00000002   Code   RO          974    .text.HAL_RTC_AlarmAEventCallback  stm32f4xx_hal_rtc.o
    0x08002436   0x08002436   0x00000002   PAD
    0x08002438   0x08002438   0x00000060   Code   RO          972    .text.HAL_RTC_AlarmIRQHandler  stm32f4xx_hal_rtc.o
    0x08002498   0x08002498   0x000000f4   Code   RO          940    .text.HAL_RTC_Init  stm32f4xx_hal_rtc.o
    0x0800258c   0x0800258c   0x0000005a   Code   RO          211    .text.HAL_RTC_MspInit  rtc.o
    0x080025e6   0x080025e6   0x00000002   PAD
    0x080025e8   0x080025e8   0x000002a2   Code   RO          966    .text.HAL_RTC_SetAlarm_IT  stm32f4xx_hal_rtc.o
    0x0800288a   0x0800288a   0x00000002   PAD
    0x0800288c   0x0800288c   0x00000162   Code   RO          960    .text.HAL_RTC_SetDate  stm32f4xx_hal_rtc.o
    0x080029ee   0x080029ee   0x00000002   PAD
    0x080029f0   0x080029f0   0x000001a6   Code   RO          952    .text.HAL_RTC_SetTime  stm32f4xx_hal_rtc.o
    0x08002b96   0x08002b96   0x00000002   PAD
    0x08002b98   0x08002b98   0x00000002   Code   RO         1160    .text.HAL_SPI_ErrorCallback  stm32f4xx_hal_spi.o
    0x08002b9a   0x08002b9a   0x00000002   PAD
    0x08002b9c   0x08002b9c   0x00000112   Code   RO         1156    .text.HAL_SPI_IRQHandler  stm32f4xx_hal_spi.o
    0x08002cae   0x08002cae   0x00000002   PAD
    0x08002cb0   0x08002cb0   0x000000b4   Code   RO         1078    .text.HAL_SPI_Init  stm32f4xx_hal_spi.o
    0x08002d64   0x08002d64   0x0000010a   Code   RO          228    .text.HAL_SPI_MspInit  spi.o
    0x08002e6e   0x08002e6e   0x00000002   PAD
    0x08002e70   0x08002e70   0x0000002c   Code   RO          769    .text.HAL_SYSTICK_Config  stm32f4xx_hal_cortex.o
    0x08002e9c   0x08002e9c   0x00000002   Code   RO         1499    .text.HAL_TIMEx_BreakCallback  stm32f4xx_hal_tim_ex.o
    0x08002e9e   0x08002e9e   0x00000002   PAD
    0x08002ea0   0x08002ea0   0x00000002   Code   RO         1495    .text.HAL_TIMEx_CommutCallback  stm32f4xx_hal_tim_ex.o
    0x08002ea2   0x08002ea2   0x00000002   PAD
    0x08002ea4   0x08002ea4   0x00000050   Code   RO         1491    .text.HAL_TIMEx_ConfigBreakDeadTime  stm32f4xx_hal_tim_ex.o
    0x08002ef4   0x08002ef4   0x000000b6   Code   RO         1489    .text.HAL_TIMEx_MasterConfigSynchronization  stm32f4xx_hal_tim_ex.o
    0x08002faa   0x08002faa   0x00000002   PAD
    0x08002fac   0x08002fac   0x000000f8   Code   RO         1459    .text.HAL_TIMEx_PWMN_Start  stm32f4xx_hal_tim_ex.o
    0x080030a4   0x080030a4   0x0000005a   Code   RO         1194    .text.HAL_TIM_Base_Init  stm32f4xx_hal_tim.o
    0x080030fe   0x080030fe   0x00000002   PAD
    0x08003100   0x08003100   0x000002b6   Code   RO          262    .text.HAL_TIM_Base_MspInit  tim.o
    0x080033b6   0x080033b6   0x00000002   PAD
    0x080033b8   0x080033b8   0x000000a8   Code   RO         1208    .text.HAL_TIM_Base_Start_IT  stm32f4xx_hal_tim.o
    0x08003460   0x08003460   0x0000019c   Code   RO         1374    .text.HAL_TIM_ConfigClockSource  stm32f4xx_hal_tim.o
    0x080035fc   0x080035fc   0x00000004   PAD
    0x08003600   0x08003600   0x000000f4   Code   RO           63    .text.HAL_TIM_IC_CaptureCallback  main.o
    0x080036f4   0x080036f4   0x000001b6   Code   RO         1344    .text.HAL_TIM_IC_ConfigChannel  stm32f4xx_hal_tim.o
    0x080038aa   0x080038aa   0x00000002   PAD
    0x080038ac   0x080038ac   0x0000005a   Code   RO         1268    .text.HAL_TIM_IC_Init  stm32f4xx_hal_tim.o
    0x08003906   0x08003906   0x00000002   PAD
    0x08003908   0x08003908   0x00000002   Code   RO         1270    .text.HAL_TIM_IC_MspInit  stm32f4xx_hal_tim.o
    0x0800390a   0x0800390a   0x00000002   PAD
    0x0800390c   0x0800390c   0x00000140   Code   RO         1280    .text.HAL_TIM_IC_Start_IT  stm32f4xx_hal_tim.o
    0x08003a4c   0x08003a4c   0x0000014a   Code   RO         1328    .text.HAL_TIM_IRQHandler  stm32f4xx_hal_tim.o
    0x08003b96   0x08003b96   0x00000002   PAD
    0x08003b98   0x08003b98   0x00000002   Code   RO         1332    .text.HAL_TIM_OC_DelayElapsedCallback  stm32f4xx_hal_tim.o
    0x08003b9a   0x08003b9a   0x00000002   PAD
    0x08003b9c   0x08003b9c   0x00000214   Code   RO         1348    .text.HAL_TIM_PWM_ConfigChannel  stm32f4xx_hal_tim.o
    0x08003db0   0x08003db0   0x0000005a   Code   RO         1248    .text.HAL_TIM_PWM_Init  stm32f4xx_hal_tim.o
    0x08003e0a   0x08003e0a   0x00000002   PAD
    0x08003e0c   0x08003e0c   0x00000002   Code   RO         1250    .text.HAL_TIM_PWM_MspInit  stm32f4xx_hal_tim.o
    0x08003e0e   0x08003e0e   0x00000002   PAD
    0x08003e10   0x08003e10   0x00000002   Code   RO         1334    .text.HAL_TIM_PWM_PulseFinishedCallback  stm32f4xx_hal_tim.o
    0x08003e12   0x08003e12   0x00000006   PAD
    0x08003e18   0x08003e18   0x000013a8   Code   RO           65    .text.HAL_TIM_PeriodElapsedCallback  main.o
    0x080051c0   0x080051c0   0x00000034   Code   RO         1384    .text.HAL_TIM_ReadCapturedValue  stm32f4xx_hal_tim.o
    0x080051f4   0x080051f4   0x00000002   Code   RO         1338    .text.HAL_TIM_TriggerCallback  stm32f4xx_hal_tim.o
    0x080051f6   0x080051f6   0x00000002   PAD
    0x080051f8   0x080051f8   0x000001c6   Code   RO         1561    .text.HAL_UARTEx_ReceiveToIdle_DMA  stm32f4xx_hal_uart.o
    0x080053be   0x080053be   0x00000002   PAD
    0x080053c0   0x080053c0   0x000000be   Code   RO         1559    .text.HAL_UARTEx_ReceiveToIdle_IT  stm32f4xx_hal_uart.o
    0x0800547e   0x0800547e   0x00000002   PAD
    0x08005480   0x08005480   0x00000640   Code   RO           61    .text.HAL_UARTEx_RxEventCallback  main.o
    0x08005ac0   0x08005ac0   0x00000002   Code   RO         1597    .text.HAL_UART_ErrorCallback  stm32f4xx_hal_uart.o
    0x08005ac2   0x08005ac2   0x00000002   PAD
    0x08005ac4   0x08005ac4   0x00000564   Code   RO         1591    .text.HAL_UART_IRQHandler  stm32f4xx_hal_uart.o
    0x08006028   0x08006028   0x00000060   Code   RO         1513    .text.HAL_UART_Init  stm32f4xx_hal_uart.o
    0x08006088   0x08006088   0x0000055c   Code   RO          297    .text.HAL_UART_MspInit  usart.o
    0x080065e4   0x080065e4   0x00000002   Code   RO         1605    .text.HAL_UART_RxCpltCallback  stm32f4xx_hal_uart.o
    0x080065e6   0x080065e6   0x00000002   PAD
    0x080065e8   0x080065e8   0x00000002   Code   RO         1607    .text.HAL_UART_RxHalfCpltCallback  stm32f4xx_hal_uart.o
    0x080065ea   0x080065ea   0x00000002   PAD
    0x080065ec   0x080065ec   0x000000e4   Code   RO         1529    .text.HAL_UART_Transmit  stm32f4xx_hal_uart.o
    0x080066d0   0x080066d0   0x000000b6   Code   RO         1539    .text.HAL_UART_Transmit_DMA  stm32f4xx_hal_uart.o
    0x08006786   0x08006786   0x00000002   PAD
    0x08006788   0x08006788   0x00000002   Code   RO         1601    .text.HAL_UART_TxCpltCallback  stm32f4xx_hal_uart.o
    0x0800678a   0x0800678a   0x00000002   PAD
    0x0800678c   0x0800678c   0x00000002   Code   RO         1603    .text.HAL_UART_TxHalfCpltCallback  stm32f4xx_hal_uart.o
    0x0800678e   0x0800678e   0x00000002   PAD
    0x08006790   0x08006790   0x0000000c   Code   RO          393    .text.HASH_RNG_IRQHandler  stm32f4xx_it.o
    0x0800679c   0x0800679c   0x00000002   Code   RO          325    .text.HardFault_Handler  stm32f4xx_it.o
    0x0800679e   0x0800679e   0x00000002   PAD
    0x080067a0   0x080067a0   0x000000b2   Code   RO          162    .text.MX_CAN1_Init  can.o
    0x08006852   0x08006852   0x00000002   PAD
    0x08006854   0x08006854   0x00000046   Code   RO          164    .text.MX_CAN2_Init  can.o
    0x0800689a   0x0800689a   0x00000002   PAD
    0x0800689c   0x0800689c   0x000000ac   Code   RO          185    .text.MX_DMA_Init   dma.o
    0x08006948   0x08006948   0x00000188   Code   RO          152    .text.MX_GPIO_Init  gpio.o
    0x08006ad0   0x08006ad0   0x00000026   Code   RO          194    .text.MX_RNG_Init   rng.o
    0x08006af6   0x08006af6   0x00000002   PAD
    0x08006af8   0x08006af8   0x000000c8   Code   RO          209    .text.MX_RTC_Init   rtc.o
    0x08006bc0   0x08006bc0   0x00000046   Code   RO          224    .text.MX_SPI1_Init  spi.o
    0x08006c06   0x08006c06   0x00000002   PAD
    0x08006c08   0x08006c08   0x00000046   Code   RO          226    .text.MX_SPI2_Init  spi.o
    0x08006c4e   0x08006c4e   0x00000002   PAD
    0x08006c50   0x08006c50   0x00000036   Code   RO          258    .text.MX_TIM10_Init  tim.o
    0x08006c86   0x08006c86   0x00000002   PAD
    0x08006c88   0x08006c88   0x0000005a   Code   RO          260    .text.MX_TIM12_Init  tim.o
    0x08006ce2   0x08006ce2   0x00000002   PAD
    0x08006ce4   0x08006ce4   0x00000076   Code   RO          242    .text.MX_TIM1_Init  tim.o
    0x08006d5a   0x08006d5a   0x00000002   PAD
    0x08006d5c   0x08006d5c   0x000000d8   Code   RO          244    .text.MX_TIM2_Init  tim.o
    0x08006e34   0x08006e34   0x00000138   Code   RO          246    .text.MX_TIM4_Init  tim.o
    0x08006f6c   0x08006f6c   0x000000dc   Code   RO          250    .text.MX_TIM5_Init  tim.o
    0x08007048   0x08007048   0x00000052   Code   RO          252    .text.MX_TIM6_Init  tim.o
    0x0800709a   0x0800709a   0x00000002   PAD
    0x0800709c   0x0800709c   0x00000178   Code   RO          254    .text.MX_TIM8_Init  tim.o
    0x08007214   0x08007214   0x0000005a   Code   RO          256    .text.MX_TIM9_Init  tim.o
    0x0800726e   0x0800726e   0x00000002   PAD
    0x08007270   0x08007270   0x0000003c   Code   RO          283    .text.MX_UART4_Init  usart.o
    0x080072ac   0x080072ac   0x0000003c   Code   RO          285    .text.MX_UART5_Init  usart.o
    0x080072e8   0x080072e8   0x0000003c   Code   RO          287    .text.MX_UART7_Init  usart.o
    0x08007324   0x08007324   0x0000003c   Code   RO          289    .text.MX_UART8_Init  usart.o
    0x08007360   0x08007360   0x0000003c   Code   RO          291    .text.MX_USART1_UART_Init  usart.o
    0x0800739c   0x0800739c   0x0000003c   Code   RO          293    .text.MX_USART2_UART_Init  usart.o
    0x080073d8   0x080073d8   0x0000003c   Code   RO          295    .text.MX_USART3_UART_Init  usart.o
    0x08007414   0x08007414   0x00000002   Code   RO          327    .text.MemManage_Handler  stm32f4xx_it.o
    0x08007416   0x08007416   0x00000002   PAD
    0x08007418   0x08007418   0x00000002   Code   RO          323    .text.NMI_Handler   stm32f4xx_it.o
    0x0800741a   0x0800741a   0x00000002   PAD
    0x0800741c   0x0800741c   0x00000002   Code   RO          337    .text.PendSV_Handler  stm32f4xx_it.o
    0x0800741e   0x0800741e   0x00000002   PAD
    0x08007420   0x08007420   0x0000000c   Code   RO          375    .text.RTC_Alarm_IRQHandler  stm32f4xx_it.o
    0x0800742c   0x0800742c   0x0000000c   Code   RO          365    .text.SPI1_IRQHandler  stm32f4xx_it.o
    0x08007438   0x08007438   0x0000000c   Code   RO          367    .text.SPI2_IRQHandler  stm32f4xx_it.o
    0x08007444   0x08007444   0x0000000c   Code   RO         1158    .text.SPI_DMAAbortOnError  stm32f4xx_hal_spi.o
    0x08007450   0x08007450   0x00000002   Code   RO          333    .text.SVC_Handler   stm32f4xx_it.o
    0x08007452   0x08007452   0x00000002   PAD
    0x08007454   0x08007454   0x00000004   Code   RO          339    .text.SysTick_Handler  stm32f4xx_it.o
    0x08007458   0x08007458   0x000000aa   Code   RO           57    .text.SystemClock_Config  main.o
    0x08007502   0x08007502   0x00000002   PAD
    0x08007504   0x08007504   0x00000012   Code   RO         1635    .text.SystemInit    system_stm32f4xx.o
    0x08007516   0x08007516   0x00000002   PAD
    0x08007518   0x08007518   0x0000001e   Code   RO          357    .text.TIM1_BRK_TIM9_IRQHandler  stm32f4xx_it.o
    0x08007536   0x08007536   0x00000002   PAD
    0x08007538   0x08007538   0x0000000c   Code   RO          361    .text.TIM1_TRG_COM_TIM11_IRQHandler  stm32f4xx_it.o
    0x08007544   0x08007544   0x0000001e   Code   RO          359    .text.TIM1_UP_TIM10_IRQHandler  stm32f4xx_it.o
    0x08007562   0x08007562   0x00000002   PAD
    0x08007564   0x08007564   0x0000000c   Code   RO          363    .text.TIM2_IRQHandler  stm32f4xx_it.o
    0x08007570   0x08007570   0x0000000c   Code   RO          379    .text.TIM5_IRQHandler  stm32f4xx_it.o
    0x0800757c   0x0800757c   0x0000000c   Code   RO          385    .text.TIM6_DAC_IRQHandler  stm32f4xx_it.o
    0x08007588   0x08007588   0x0000001e   Code   RO          377    .text.TIM8_BRK_TIM12_IRQHandler  stm32f4xx_it.o
    0x080075a6   0x080075a6   0x00000002   PAD
    0x080075a8   0x080075a8   0x00000134   Code   RO         1198    .text.TIM_Base_SetConfig  stm32f4xx_hal_tim.o
    0x080076dc   0x080076dc   0x0000000c   Code   RO          381    .text.UART4_IRQHandler  stm32f4xx_it.o
    0x080076e8   0x080076e8   0x0000000c   Code   RO          383    .text.UART5_IRQHandler  stm32f4xx_it.o
    0x080076f4   0x080076f4   0x0000000c   Code   RO          395    .text.UART7_IRQHandler  stm32f4xx_it.o
    0x08007700   0x08007700   0x0000000c   Code   RO          397    .text.UART8_IRQHandler  stm32f4xx_it.o
    0x0800770c   0x0800770c   0x0000000c   Code   RO         1595    .text.UART_DMAAbortOnError  stm32f4xx_hal_uart.o
    0x08007718   0x08007718   0x0000017c   Code   RO         1545    .text.UART_DMAError  stm32f4xx_hal_uart.o
    0x08007894   0x08007894   0x0000015e   Code   RO         1623    .text.UART_DMAReceiveCplt  stm32f4xx_hal_uart.o
    0x080079f2   0x080079f2   0x00000002   PAD
    0x080079f4   0x080079f4   0x00000018   Code   RO         1625    .text.UART_DMARxHalfCplt  stm32f4xx_hal_uart.o
    0x08007a0c   0x08007a0c   0x000000b0   Code   RO         1541    .text.UART_DMATransmitCplt  stm32f4xx_hal_uart.o
    0x08007abc   0x08007abc   0x00000006   Code   RO         1543    .text.UART_DMATxHalfCplt  stm32f4xx_hal_uart.o
    0x08007ac2   0x08007ac2   0x00000002   PAD
    0x08007ac4   0x08007ac4   0x000000fa   Code   RO         1593    .text.UART_Receive_IT  stm32f4xx_hal_uart.o
    0x08007bbe   0x08007bbe   0x00000002   PAD
    0x08007bc0   0x08007bc0   0x000000e8   Code   RO         1517    .text.UART_SetConfig  stm32f4xx_hal_uart.o
    0x08007ca8   0x08007ca8   0x0000000c   Code   RO          369    .text.USART1_IRQHandler  stm32f4xx_it.o
    0x08007cb4   0x08007cb4   0x0000000c   Code   RO          371    .text.USART2_IRQHandler  stm32f4xx_it.o
    0x08007cc0   0x08007cc0   0x0000000c   Code   RO          373    .text.USART3_IRQHandler  stm32f4xx_it.o
    0x08007ccc   0x08007ccc   0x00000002   Code   RO          331    .text.UsageFault_Handler  stm32f4xx_it.o
    0x08007cce   0x08007cce   0x00000002   PAD
    0x08007cd0   0x08007cd0   0x0000005a   Code   RO           11    .text.can_user_init  bsp_can.o
    0x08007d2a   0x08007d2a   0x00000002   PAD
    0x08007d2c   0x08007d2c   0x00000030   Code   RO           25    .text.clear_motor_mistake  bsp_can.o
    0x08007d5c   0x08007d5c   0x00000004   PAD
    0x08007d60   0x08007d60   0x000008bc   Code   RO           55    .text.main          main.o
    0x0800861c   0x0800861c   0x000000aa   Code   RO           45    .text.pid_calc      pid.o
    0x080086c6   0x080086c6   0x00000002   PAD
    0x080086c8   0x080086c8   0x0000001c   Code   RO           43    .text.pid_init      pid.o
    0x080086e4   0x080086e4   0x00000030   Code   RO           19    .text.read_motor_position  bsp_can.o
    0x08008714   0x08008714   0x0000003e   Code   RO           17    .text.set_motor_position  bsp_can.o
    0x08008752   0x08008752   0x00000002   PAD
    0x08008754   0x08008754   0x00000046   Code   RO           23    .text.set_motor_speed_dm4005  bsp_can.o
    0x0800879a   0x0800879a   0x00000002   PAD
    0x0800879c   0x0800879c   0x00000070   Code   RO           15    .text.set_motor_voltage  bsp_can.o
    0x0800880c   0x0800880c   0x0000000e   Code   RO         1709    i.__scatterload_copy  mc_w.l(handlers.o)
    0x0800881a   0x0800881a   0x00000002   Code   RO         1710    i.__scatterload_null  mc_w.l(handlers.o)
    0x0800881c   0x0800881c   0x0000000e   Code   RO         1711    i.__scatterload_zeroinit  mc_w.l(handlers.o)
    0x0800882a   0x0800882a   0x00000010   Data   RO         1640    .rodata.AHBPrescTable  system_stm32f4xx.o
    0x0800883a   0x0800883a   0x00000008   Data   RO         1641    .rodata.APBPrescTable  system_stm32f4xx.o
    0x08008842   0x08008842   0x00000002   PAD
    0x08008844   0x08008844   0x00000020   Data   RO         1414    .rodata.cst16       stm32f4xx_hal_tim.o
    0x08008864   0x08008864   0x00000008   Data   RO          680    .rodata.cst8        stm32f4xx_hal_dma.o
    0x0800886c   0x0800886c   0x00000020   Data   RO         1708    Region$$Table       anon$$obj.o


    Execution Region RW_IRAM2 (Exec base: 0x10000000, Load base: 0x080088b0, Size: 0x00000000, Max: 0x00010000, ABSOLUTE)

    **** No section assigned to this execution region ****


    Execution Region RW_IRAM1 (Exec base: 0x20000000, Load base: 0x08008890, Size: 0x00001090, Max: 0x00030000, ABSOLUTE)

    Exec Addr    Load Addr    Size         Type   Attr      Idx    E Section Name        Object

    0x20000000   0x08008890   0x00000001   Data   RW           72    .data.GimbalFlag    main.o
    0x20000001   0x08008891   0x00000001   Data   RW           79    .data.GimbalStopFlag  main.o
    0x20000002   0x08008892   0x00000004   Data   RW           71    .data.PurposeCentre  main.o
    0x20000006   0x08008896   0x00000002   PAD
    0x20000008   0x08008898   0x00000004   Data   RW         1639    .data.SystemCoreClock  system_stm32f4xx.o
    0x2000000c   0x0800889c   0x00000004   Data   RW           70    .data.TargetCentre  main.o
    0x20000010   0x080088a0   0x00000001   Data   RW          868    .data.uwTickFreq    stm32f4xx_hal.o
    0x20000011   0x080088a1   0x00000003   PAD
    0x20000014   0x080088a4   0x00000004   Data   RW          867    .data.uwTickPrio    stm32f4xx_hal.o
    0x20000018   0x080088a8   0x00000004   Data   RW           67    .data.yTimDistance  main.o
    0x2000001c   0x080088ac   0x00000004   PAD
    0x20000020        -       0x0000000c   Zero   RW          119    .bss.AngularVelocity  main.o
    0x2000002c        -       0x00000001   Zero   RW          116    .bss.CorrectTime    main.o
    0x2000002d        -       0x00000001   Zero   RW          120    .bss.CorrectTimePerSecond  main.o
    0x2000002e        -       0x00000001   Zero   RW           34    .bss.DM4005_error   bsp_can.o
    0x2000002f   0x080088ac   0x00000001   PAD
    0x20000030        -       0x00000002   Zero   RW          138    .bss.DM4005_info    main.o
    0x20000032        -       0x00000004   Zero   RW          131    .bss.Errory         main.o
    0x20000036        -       0x00000001   Zero   RW          115    .bss.FailTime       main.o
    0x20000037        -       0x00000001   Zero   RW          121    .bss.FailTimePerSecond  main.o
    0x20000038        -       0x00000001   Zero   RW          117    .bss.FailTimeinaRow  main.o
    0x20000039        -       0x00000001   Zero   RW           76    .bss.Flag4005       main.o
    0x2000003a        -       0x00000008   Zero   RW          132    .bss.GM6020_info    main.o
    0x20000042   0x080088ac   0x00000006   PAD
    0x20000048        -       0x00000018   Zero   RW          133    .bss.GimbalError    main.o
    0x20000060        -       0x00000008   Zero   RW          135    .bss.GimbalIntegralResult  main.o
    0x20000068        -       0x00000004   Zero   RW          173    .bss.HAL_RCC_CAN1_CLK_ENABLED  can.o
    0x2000006c        -       0x00000001   Zero   RW           77    .bss.HitFlag        main.o
    0x2000006d   0x080088ac   0x00000001   PAD
    0x2000006e        -       0x00000002   Zero   RW           78    .bss.HitTime        main.o
    0x20000070        -       0x000000c8   Zero   RW          100    .bss.IMUReceiveBuffer  main.o
    0x20000138        -       0x00000004   Zero   RW          137    .bss.KdGimbal1      main.o
    0x2000013c        -       0x00000004   Zero   RW          134    .bss.KiGimbal1      main.o
    0x20000140        -       0x00000004   Zero   RW          136    .bss.KpGimbal1      main.o
    0x20000144        -       0x00000014   Zero   RW           82    .bss.LaserReceiveBuffer1  main.o
    0x20000158        -       0x00000014   Zero   RW           83    .bss.LaserReceiveBuffer2  main.o
    0x2000016c        -       0x00000014   Zero   RW           84    .bss.LaserReceiveBuffer3  main.o
    0x20000180        -       0x00000014   Zero   RW           85    .bss.LaserReceiveBuffer4  main.o
    0x20000194        -       0x00000018   Zero   RW          128    .bss.M2006_info     main.o
    0x200001ac        -       0x00000018   Zero   RW          127    .bss.M2006_info_error  main.o
    0x200001c4   0x080088ac   0x00000004   PAD
    0x200001c8        -       0x00000020   Zero   RW          126    .bss.MotorspeedSet  main.o
    0x200001e8        -       0x00000008   Zero   RW          125    .bss.MotorspeedSetMid  main.o
    0x200001f0        -       0x00000028   Zero   RW           94    .bss.MotorspeedSetRandom  main.o
    0x20000218        -       0x00000028   Zero   RW           95    .bss.MotorspeedSetStandard  main.o
    0x20000240        -       0x00000008   Zero   RW           68    .bss.PosPIDResult   main.o
    0x20000248        -       0x0000000a   Zero   RW           81    .bss.RKReceiveBuffer  main.o
    0x20000252        -       0x00000001   Zero   RW           75    .bss.RunFlag        main.o
    0x20000253   0x080088ac   0x00000005   PAD
    0x20000258        -       0x00000008   Zero   RW           31    .bss.RxData         bsp_can.o
    0x20000260        -       0x0000001c   Zero   RW          174    .bss.RxHeader       can.o
    0x2000027c        -       0x00000004   Zero   RW          102    .bss.SetAngle       main.o
    0x20000280        -       0x00000020   Zero   RW          129    .bss.SpeedPIDResult  main.o
    0x200002a0        -       0x00000001   Zero   RW          122    .bss.TimerSystemMode  main.o
    0x200002a1   0x080088ac   0x00000003   PAD
    0x200002a4        -       0x00000018   Zero   RW          171    .bss.TxHeader       can.o
    0x200002bc        -       0x00000004   Zero   RW           80    .bss.UARTOverTime   main.o
    0x200002c0        -       0x0000000c   Zero   RW          101    .bss.chassis_angle  main.o
    0x200002cc        -       0x00000002   Zero   RW           86    .bss.distance1      main.o
    0x200002ce        -       0x00000002   Zero   RW           87    .bss.distance1init  main.o
    0x200002d0        -       0x00000002   Zero   RW           88    .bss.distance2      main.o
    0x200002d2        -       0x00000002   Zero   RW           89    .bss.distance2init  main.o
    0x200002d4        -       0x00000002   Zero   RW           90    .bss.distance3      main.o
    0x200002d6        -       0x00000002   Zero   RW           91    .bss.distance3init  main.o
    0x200002d8        -       0x00000002   Zero   RW           92    .bss.distance4      main.o
    0x200002da        -       0x00000002   Zero   RW           93    .bss.distance4init  main.o
    0x200002dc        -       0x00000002   Zero   RW          142    .bss.dm4005Error    main.o
    0x200002de   0x080088ac   0x00000002   PAD
    0x200002e0        -       0x0000000c   Zero   RW          118    .bss.gimbal_angle   main.o
    0x200002ec        -       0x00000028   Zero   RW          170    .bss.hcan1          can.o
    0x20000314        -       0x00000028   Zero   RW          172    .bss.hcan2          can.o
    0x2000033c        -       0x00000060   Zero   RW          308    .bss.hdma_uart4_rx  usart.o
    0x2000039c        -       0x00000060   Zero   RW          309    .bss.hdma_uart7_rx  usart.o
    0x200003fc        -       0x00000060   Zero   RW          310    .bss.hdma_uart8_tx  usart.o
    0x2000045c        -       0x00000060   Zero   RW          311    .bss.hdma_usart1_rx  usart.o
    0x200004bc        -       0x00000060   Zero   RW          312    .bss.hdma_usart2_rx  usart.o
    0x2000051c        -       0x00000060   Zero   RW          313    .bss.hdma_usart3_rx  usart.o
    0x2000057c        -       0x00000060   Zero   RW          314    .bss.hdma_usart3_tx  usart.o
    0x200005dc        -       0x00000010   Zero   RW          200    .bss.hrng           rng.o
    0x200005ec        -       0x00000020   Zero   RW          215    .bss.hrtc           rtc.o
    0x2000060c        -       0x00000058   Zero   RW          232    .bss.hspi1          spi.o
    0x20000664        -       0x00000058   Zero   RW          233    .bss.hspi2          spi.o
    0x200006bc        -       0x00000048   Zero   RW          266    .bss.htim1          tim.o
    0x20000704        -       0x00000048   Zero   RW          273    .bss.htim10         tim.o
    0x2000074c        -       0x00000048   Zero   RW          274    .bss.htim12         tim.o
    0x20000794        -       0x00000048   Zero   RW          267    .bss.htim2          tim.o
    0x200007dc        -       0x00000048   Zero   RW          268    .bss.htim4          tim.o
    0x20000824        -       0x00000048   Zero   RW          269    .bss.htim5          tim.o
    0x2000086c        -       0x00000048   Zero   RW          270    .bss.htim6          tim.o
    0x200008b4        -       0x00000048   Zero   RW          271    .bss.htim8          tim.o
    0x200008fc        -       0x00000048   Zero   RW          272    .bss.htim9          tim.o
    0x20000944        -       0x00000048   Zero   RW          305    .bss.huart1         usart.o
    0x2000098c        -       0x00000048   Zero   RW          306    .bss.huart2         usart.o
    0x200009d4        -       0x00000048   Zero   RW          307    .bss.huart3         usart.o
    0x20000a1c        -       0x00000048   Zero   RW          301    .bss.huart4         usart.o
    0x20000a64        -       0x00000048   Zero   RW          302    .bss.huart5         usart.o
    0x20000aac        -       0x00000048   Zero   RW          303    .bss.huart7         usart.o
    0x20000af4        -       0x00000048   Zero   RW          304    .bss.huart8         usart.o
    0x20000b3c        -       0x00000004   Zero   RW           69    .bss.j              main.o
    0x20000b40        -       0x0000000c   Zero   RW           33    .bss.motor_info     bsp_can.o
    0x20000b4c        -       0x00000034   Zero   RW          113    .bss.motor_pid      main.o
    0x20000b80        -       0x00000008   Zero   RW          130    .bss.motor_voltage  main.o
    0x20000b88        -       0x00000008   Zero   RW           32    .bss.rx_data        bsp_can.o
    0x20000b90        -       0x0000001c   Zero   RW          175    .bss.rx_header      can.o
    0x20000bac        -       0x00000004   Zero   RW           73    .bss.target_speed   main.o
    0x20000bb0        -       0x00000004   Zero   RW           74    .bss.target_speedy  main.o
    0x20000bb4        -       0x00000004   Zero   RW          869    .bss.uwTick         stm32f4xx_hal.o
    0x20000bb8        -       0x00000004   Zero   RW          114    .bss.xTimDistance   main.o
    0x20000bbc        -       0x00000004   Zero   RW          103    .bss.xTimDownCounter  main.o
    0x20000bc0        -       0x00000004   Zero   RW          109    .bss.xTimDuty       main.o
    0x20000bc4        -       0x00000004   Zero   RW          105    .bss.xTimDutyInit   main.o
    0x20000bc8        -       0x00000004   Zero   RW          110    .bss.xTimDutyOld    main.o
    0x20000bcc        -       0x00000002   Zero   RW          123    .bss.xTimDutyOverflow  main.o
    0x20000bce   0x080088ac   0x00000002   PAD
    0x20000bd0        -       0x00000004   Zero   RW          104    .bss.xTimUpCounter  main.o
    0x20000bd4        -       0x00000028   Zero   RW           98    .bss.yTimDistanceMaxRandom  main.o
    0x20000bfc        -       0x00000028   Zero   RW           99    .bss.yTimDistanceMaxStandard  main.o
    0x20000c24        -       0x00000028   Zero   RW           96    .bss.yTimDistanceMinRandom  main.o
    0x20000c4c        -       0x00000028   Zero   RW           97    .bss.yTimDistanceMinStandard  main.o
    0x20000c74        -       0x00000004   Zero   RW          106    .bss.yTimDownCounter  main.o
    0x20000c78        -       0x00000004   Zero   RW          111    .bss.yTimDuty       main.o
    0x20000c7c        -       0x00000004   Zero   RW          108    .bss.yTimDutyInit   main.o
    0x20000c80        -       0x00000004   Zero   RW          112    .bss.yTimDutyOld    main.o
    0x20000c84        -       0x00000002   Zero   RW          124    .bss.yTimDutyOverflow  main.o
    0x20000c86   0x080088ac   0x00000002   PAD
    0x20000c88        -       0x00000004   Zero   RW          107    .bss.yTimUpCounter  main.o
    0x20000c8c   0x080088ac   0x00000004   PAD
    0x20000c90        -       0x00000400   Zero   RW            1    STACK               startup_stm32f427xx.o


==============================================================================

Image component sizes


      Code (inc. data)   RO Data    RW Data    ZI Data      Debug   Object Name

       974         28          0          0         29       6221   bsp_can.o
       590          0          0          0        164       7786   can.o
       172          0          0          0          0       3687   dma.o
       392          0          0          0          0       2639   gpio.o
      9288        352          0         14        909      19715   main.o
       198          0          0          0          0       1318   pid.o
       110          0          0          0         16       4829   rng.o
       290          0          0          0         32       6424   rtc.o
       406          0          0          0        176       7691   spi.o
        36          8        428          0       1024        836   startup_stm32f427xx.o
       212          0          0          5          4       7666   stm32f4xx_hal.o
      1628          6          0          0          0      13651   stm32f4xx_hal_can.o
       196          0          0          0          0      10884   stm32f4xx_hal_cortex.o
      1094          4          8          0          0      10412   stm32f4xx_hal_dma.o
       434          0          0          0          0       5377   stm32f4xx_hal_gpio.o
        56          0          0          0          0       1504   stm32f4xx_hal_msp.o
      1416          0          0          0          0       7393   stm32f4xx_hal_rcc.o
       572          0          0          0          0       5673   stm32f4xx_hal_rcc_ex.o
       250          0          0          0          0       4816   stm32f4xx_hal_rng.o
      1792          0          0          0          0      16959   stm32f4xx_hal_rtc.o
         2          0          0          0          0      14075   stm32f4xx_hal_rtc_ex.o
       468          0          0          0          0      25473   stm32f4xx_hal_spi.o
      2840         12         32          0          0      55120   stm32f4xx_hal_tim.o
       514          0          0          0          0      20880   stm32f4xx_hal_tim_ex.o
      3970          0          0          0          0      30872   stm32f4xx_hal_uart.o
       422          0          0          0          0      12735   stm32f4xx_it.o
        18          0         24          4          0       2693   system_stm32f4xx.o
      2252          0          0          0        648      13617   tim.o
      1792          0          0          0       1176       9844   usart.o

    ----------------------------------------------------------------------
     32588        410        526         28       4212     330790   Object Totals
         0          0         32          0          0          0   (incl. Generated)
       204          0          2          5         34          0   (incl. Padding)

    ----------------------------------------------------------------------

      Code (inc. data)   RO Data    RW Data    ZI Data      Debug   Library Member Name

         0          0          0          0          0          0   entry.o
         0          0          0          0          0          0   entry10a.o
         0          0          0          0          0          0   entry11a.o
         8          4          0          0          0          0   entry2.o
         4          0          0          0          0          0   entry5.o
         0          0          0          0          0          0   entry7b.o
         0          0          0          0          0          0   entry8b.o
         8          4          0          0          0          0   entry9a.o
        30          0          0          0          0          0   handlers.o
        48         10          0          0          0         68   init.o
         0          0          0          0          0          0   iusefp.o
        30          0          0          0          0         68   llshl.o
        36          0          0          0          0         68   llsshr.o
        32          0          0          0          0         68   llushr.o
        36          0          0          0          0        108   memseta.o
        98          0          0          0          0         92   uldiv.o
        56          0          0          0          0         88   d2f.o
       334          0          0          0          0        148   dadd.o
        54          0          0          0          0         80   dcmpge.o
        54          0          0          0          0         80   dcmpgt.o
        54          0          0          0          0         80   dcmple.o
        54          0          0          0          0         80   dcmplt.o
       222          0          0          0          0        100   ddiv.o
       186          0          0          0          0        176   depilogue.o
        62          0          0          0          0         80   dfixi.o
        34          0          0          0          0         76   dflti.o
        26          0          0          0          0         76   dfltui.o
       228          0          0          0          0         96   dmul.o
        38          0          0          0          0         68   f2d.o
       110          0          0          0          0        168   fepilogue.o

    ----------------------------------------------------------------------
      1842         18          0          0          0       1868   Library Totals
         0          0          0          0          0          0   (incl. Padding)

    ----------------------------------------------------------------------

      Code (inc. data)   RO Data    RW Data    ZI Data      Debug   Library Name

       330         18          0          0          0        472   mc_w.l
      1512          0          0          0          0       1396   mf_w.l

    ----------------------------------------------------------------------
      1842         18          0          0          0       1868   Library Totals

    ----------------------------------------------------------------------

==============================================================================


      Code (inc. data)   RO Data    RW Data    ZI Data      Debug   

     34430        428        526         28       4212     331438   Grand Totals
     34430        428        526         28       4212     331438   ELF Image Totals
     34430        428        526         28          0          0   ROM Totals

==============================================================================

    Total RO  Size (Code + RO Data)                34956 (  34.14kB)
    Total RW  Size (RW Data + ZI Data)              4240 (   4.14kB)
    Total ROM Size (Code + RO Data + RW Data)      34984 (  34.16kB)

==============================================================================

